 scanner

 Timestamp is 5c778971 (Thu Feb 28 15:10:41 2019)

 Preferred load address is 10000000

 Start         Length     Name                   Class
 0001:00000000 000096b0H .text$di                CODE
 0001:000096b0 000a0140H .text$mn                CODE
 0001:000a97f0 00001220H .text$x                 CODE
 0001:000aaa10 00001012H .text$yd                CODE
 0002:00000000 00000104H .CRT$XCA                DATA
 0002:00000104 00000104H .CRT$XCC                DATA
 0002:00000208 00000104H .CRT$XCU                DATA
 0002:0000030c 00000104H .CRT$XCZ                DATA
 0002:00000410 00000104H .CRT$XIA                DATA
 0002:00000514 00000114H .CRT$XIC                DATA
 0002:00000628 00000104H .CRT$XIZ                DATA
 0002:0000072c 00000104H .CRT$XPA                DATA
 0002:00000830 0000010cH .CRT$XPX                DATA
 0002:0000093c 00000104H .CRT$XPXA               DATA
 0002:00000a40 00000104H .CRT$XPZ                DATA
 0002:00000b44 00000104H .CRT$XTA                DATA
 0002:00000c48 00000108H .CRT$XTZ                DATA
 0002:00000d50 00022b64H .rdata                  DATA
 0002:000238b4 0000080cH .rdata$r                DATA
 0002:000240c0 0000014cH .rdata$sxdata           DATA
 0002:0002420c 00000174H .rdata$zzzdbg           DATA
 0002:00024380 00000104H .rtc$IAA                DATA
 0002:00024484 0000010cH .rtc$IMZ                DATA
 0002:00024590 00000104H .rtc$IZZ                DATA
 0002:00024694 00000104H .rtc$TAA                DATA
 0002:00024798 0000010cH .rtc$TMZ                DATA
 0002:000248a4 00000104H .rtc$TZZ                DATA
 0002:000249a8 00001258H .xdata$x                DATA
 0002:00025c00 00000162H .edata                  DATA
 0003:00000000 00000c48H .data                   DATA
 0003:00000c48 000003c0H .data$r                 DATA
 0003:00001008 00001908H .bss                    DATA
 0004:00000000 0000028cH .idata$5                DATA
 0004:0000028c 0000003cH .idata$2                DATA
 0004:000002c8 00000014H .idata$3                DATA
 0004:000002dc 0000028cH .idata$4                DATA
 0004:00000568 0000098dH .idata$6                DATA
 0005:00000000 00000020H .didat$2                DATA
 0005:00000020 00000020H .didat$3                DATA
 0005:00000040 000000a4H .didat$4                DATA
 0005:000000e4 000000a4H .didat$5                DATA
 0005:00000188 00000398H .didat$6                DATA
 0005:00000520 00000172H .didat$7                DATA
 0006:00000000 00000104H .00cfg                  DATA
 0007:00000000 00000170H .rsrc$01                DATA
 0007:00000170 000002ccH .rsrc$02                DATA

  Address         Publics by Value              Rva+Base       Lib:Object

 0000:00000000       ___guard_iat_table         00000000     <absolute>
 0000:00000000       ___dynamic_value_reloc_table 00000000     <absolute>
 0000:00000000       ___hybrid_auxiliary_iat    00000000     <absolute>
 0000:00000000       __except_list              00000000     <absolute>
 0000:00000000       ___guard_iat_count         00000000     <absolute>
 0000:00000000       ___guard_fids_count        00000000     <absolute>
 0000:00000000       ___guard_fids_table        00000000     <absolute>
 0000:00000000       ___hybrid_code_map         00000000     <absolute>
 0000:00000000       ___volatile_metadata       00000000     <absolute>
 0000:00000000       ___guard_longjmp_count     00000000     <absolute>
 0000:00000000       ___guard_longjmp_table     00000000     <absolute>
 0000:00000000       ___hybrid_code_map_count   00000000     <absolute>
 0000:00000000       ___enclave_config          00000000     <absolute>
 0000:00000010       ___safe_se_handler_count   00000010     <absolute>
 0000:00000100       ___guard_flags             00000100     <absolute>
 0000:00000000       ___ImageBase               10000000     <linker-defined>
 0001:000096b0       ?SaveBitmapToFile@@YA_NPAUHBITMAP__@@PAD@Z 1000a6b0 f   scanner.obj
 0001:00009b10       ?InitDll@@YA?AVString@Napi@@ABVCallbackInfo@2@@Z 1000ab10 f   scanner.obj
 0001:0000a4b0       ?Init@@YA?AVObject@Napi@@VEnv@2@V12@@Z 1000b4b0 f   scanner.obj
 0001:0000a540       ?__napi_Init@@YAPAUnapi_value__@@PAUnapi_env__@@PAU1@@Z 1000b540 f   scanner.obj
 0001:0000aba0       ??$?0$$V@?$_Compressed_pair@V?$allocator@D@std@@V?$_String_val@U?$_Simple_types@D@std@@@2@$00@std@@QAE@U_Zero_then_variadic_args_t@1@@Z 1000bba0 f i scanner.obj
 0001:0000abe0       ??$?0D@?$allocator@U_Container_proxy@std@@@std@@QAE@ABV?$allocator@D@1@@Z 1000bbe0 f i scanner.obj
 0001:0000ac00       ??$As@V?$Buffer@D@Napi@@@Value@Napi@@QBE?AV?$Buffer@D@1@XZ 1000bc00 f i scanner.obj
 0001:0000ac50       ??$As@VObject@Napi@@@Value@Napi@@QBE?AVObject@1@XZ 1000bc50 f i scanner.obj
 0001:0000aca0       ??$From@VFunction@Napi@@@Value@Napi@@SA?AV01@PAUnapi_env__@@ABVFunction@1@@Z 1000bca0 f i scanner.obj
 0001:0000acd0       ??$New@P6A?AVString@Napi@@ABVCallbackInfo@2@@Z@Function@Napi@@SA?AV01@PAUnapi_env__@@P6A?AVString@1@ABVCallbackInfo@1@@ZPBDPAX@Z 1000bcd0 f i scanner.obj
 0001:0000ae30       ??$Set@VFunction@Napi@@@Object@Napi@@QAEXVValue@1@ABVFunction@1@@Z 1000be30 f i scanner.obj
 0001:0000af10       ??$WrapCallback@V<lambda_4416b341ff8077cc7b1fc70d3d247718>@@@details@Napi@@YAPAUnapi_value__@@V<lambda_4416b341ff8077cc7b1fc70d3d247718>@@@Z 1000bf10 f i scanner.obj
 0001:0000af30       ??$WrapCallback@V<lambda_6f1e6085d269fa8ae3955a522523ef37>@@@details@Napi@@YAPAUnapi_value__@@V<lambda_6f1e6085d269fa8ae3955a522523ef37>@@@Z 1000bf30 f i scanner.obj
 0001:0000af80       ??$_Allocate@$07U_Default_allocate_traits@std@@$0A@@std@@YAPAXI@Z 1000bf80 f i scanner.obj
 0001:0000afd0       ??$_Allocate_manually_vector_aligned@U_Default_allocate_traits@std@@@std@@YAPAXI@Z 1000bfd0 f i scanner.obj
 0001:0000b0e0       ??$_Convert_size@I@std@@YAII@Z 1000c0e0 f i scanner.obj
 0001:0000b0f0       ??$_Deallocate@$07$0A@@std@@YAXPAXI@Z 1000c0f0 f i scanner.obj
 0001:0000b140       ??$_Deallocate_plain@V?$allocator@U_Container_proxy@std@@@std@@$0A@@std@@YAXAAV?$allocator@U_Container_proxy@std@@@0@QAU_Container_proxy@0@@Z 1000c140 f i scanner.obj
 0001:0000b170       ??$_Get_size_of_n@$00@std@@YAII@Z 1000c170 f i scanner.obj
 0001:0000b180       ??$_Get_size_of_n@$07@std@@YAII@Z 1000c180 f i scanner.obj
 0001:0000b1d0       ??$_Max_value@I@std@@YAABIABI0@Z 1000c1d0 f i scanner.obj
 0001:0000b220       ??$_Min_value@I@std@@YAABIABI0@Z 1000c220 f i scanner.obj
 0001:0000b270       ??$_Reallocate_for@V<lambda_9366063389c5f42a00a5088cf24e69de>@@PBD@?$basic_string@DU?$char_traits@D@std@@V?$allocator@D@2@@std@@QAEAAV01@IV<lambda_9366063389c5f42a00a5088cf24e69de>@@PBD@Z 1000c270 f i scanner.obj
 0001:0000b400       ??$_Reallocate_grow_by@V<lambda_ab246b20b9526e2ef7792587e4298a77>@@PBDI@?$basic_string@DU?$char_traits@D@std@@V?$allocator@D@2@@std@@QAEAAV01@IV<lambda_ab246b20b9526e2ef7792587e4298a77>@@PBDI@Z 1000c400 f i scanner.obj
 0001:0000b5f0       ??$_Unfancy@D@std@@YAPADPAD@Z 1000c5f0 f i scanner.obj
 0001:0000b600       ??$_Unfancy@U_Container_proxy@std@@@std@@YAPAU_Container_proxy@0@PAU10@@Z 1000c600 f i scanner.obj
 0001:0000b610       ??$addressof@PAD@std@@YAPAPADAAPAD@Z 1000c610 f i scanner.obj
 0001:0000b620       ??$addressof@V?$_String_val@U?$_Simple_types@D@std@@@std@@@std@@YAPAV?$_String_val@U?$_Simple_types@D@std@@@0@AAV10@@Z 1000c620 f i scanner.obj
 0001:0000b630       ??$construct@PADABQAD@?$_Default_allocator_traits@V?$allocator@D@std@@@std@@SAXAAV?$allocator@D@1@QAPADABQAD@Z 1000c630 f i scanner.obj
 0001:0000b680       ??$construct@U_Container_proxy@std@@U12@@?$_Default_allocator_traits@V?$allocator@U_Container_proxy@std@@@std@@@std@@SAXAAV?$allocator@U_Container_proxy@std@@@1@QAU_Container_proxy@1@$$QAU31@@Z 1000c680 f i scanner.obj
 0001:0000b6e0       ??$destroy@PAD@?$_Default_allocator_traits@V?$allocator@D@std@@@std@@SAXAAV?$allocator@D@1@QAPAD@Z 1000c6e0 f i scanner.obj
 0001:0000b6f0       ??$destroy@U_Container_proxy@std@@@?$_Default_allocator_traits@V?$allocator@U_Container_proxy@std@@@std@@@std@@SAXAAV?$allocator@U_Container_proxy@std@@@1@QAU_Container_proxy@1@@Z 1000c6f0 f i scanner.obj
 0001:0000b700       ??$forward@ABQAD@std@@YAABQADABQAD@Z 1000c700 f i scanner.obj
 0001:0000b710       ??$forward@U_Container_proxy@std@@@std@@YA$$QAU_Container_proxy@0@AAU10@@Z 1000c710 f i scanner.obj
 0001:0000b720       ??0<lambda_4416b341ff8077cc7b1fc70d3d247718>@@QAE@AAP6A?AVObject@Napi@@VEnv@2@V12@@ZAAPAUnapi_env__@@AAPAUnapi_value__@@@Z 1000c720 f i scanner.obj
 0001:0000b760       ??0<lambda_6f1e6085d269fa8ae3955a522523ef37>@@QAE@AAPAUnapi_env__@@AAPAUnapi_callback_info__@@@Z 1000c760 f i scanner.obj
 0001:0000b7a0       ??0?$Buffer@D@Napi@@QAE@PAUnapi_env__@@PAUnapi_value__@@@Z 1000c7a0 f i scanner.obj
 0001:0000b800       ??0?$Reference@VObject@Napi@@@Napi@@QAE@PAUnapi_env__@@PAUnapi_ref__@@@Z 1000c800 f i scanner.obj
 0001:0000b840       ??0?$TypedArrayOf@E@Napi@@QAE@PAUnapi_env__@@PAUnapi_value__@@@Z 1000c840 f i scanner.obj
 0001:0000b940       ??0?$_String_alloc@U?$_String_base_types@DV?$allocator@D@std@@@std@@@std@@QAE@XZ 1000c940 f i scanner.obj
 0001:0000b990       ??0?$_String_val@U?$_Simple_types@D@std@@@std@@QAE@XZ 1000c990 f i scanner.obj
 0001:0000b9f0       ??0?$allocator@D@std@@QAE@XZ 1000c9f0 f i scanner.obj
 0001:0000ba10       ??0?$basic_string@DU?$char_traits@D@std@@V?$allocator@D@2@@std@@QAE@XZ 1000ca10 f i scanner.obj
 0001:0000ba50       ??0CallbackInfo@Napi@@QAE@PAUnapi_env__@@PAUnapi_callback_info__@@@Z 1000ca50 f i scanner.obj
 0001:0000bc50       ??0Env@Napi@@QAE@PAUnapi_env__@@@Z 1000cc50 f i scanner.obj
 0001:0000bc80       ??0Error@Napi@@QAE@PAUnapi_env__@@PAUnapi_value__@@@Z 1000cc80 f i scanner.obj
 0001:0000bd30       ??0Function@Napi@@QAE@PAUnapi_env__@@PAUnapi_value__@@@Z 1000cd30 f i scanner.obj
 0001:0000bd70       ??0Function@Napi@@QAE@XZ   1000cd70 f i scanner.obj
 0001:0000bda0       ??0HandleScope@Napi@@QAE@VEnv@1@@Z 1000cda0 f i scanner.obj
 0001:0000be70       ??0Name@Napi@@QAE@PAUnapi_env__@@PAUnapi_value__@@@Z 1000ce70 f i scanner.obj
 0001:0000beb0       ??0Name@Napi@@QAE@XZ       1000ceb0 f i scanner.obj
 0001:0000bee0       ??0Object@Napi@@QAE@PAUnapi_env__@@PAUnapi_value__@@@Z 1000cee0 f i scanner.obj
 0001:0000bf20       ??0Object@Napi@@QAE@XZ     1000cf20 f i scanner.obj
 0001:0000bf50       ??0ObjectReference@Napi@@QAE@PAUnapi_env__@@PAUnapi_ref__@@@Z 1000cf50 f i scanner.obj
 0001:0000bf90       ??0String@Napi@@QAE@PAUnapi_env__@@PAUnapi_value__@@@Z 1000cf90 f i scanner.obj
 0001:0000bfd0       ??0String@Napi@@QAE@XZ     1000cfd0 f i scanner.obj
 0001:0000c000       ??0TypedArray@Napi@@QAE@PAUnapi_env__@@PAUnapi_value__@@@Z 1000d000 f i scanner.obj
 0001:0000c060       ??0Value@Napi@@QAE@PAUnapi_env__@@PAUnapi_value__@@@Z 1000d060 f i scanner.obj
 0001:0000c0a0       ??0Value@Napi@@QAE@XZ      1000d0a0 f i scanner.obj
 0001:0000c0e0       ??0_Bxty@?$_String_val@U?$_Simple_types@D@std@@@std@@QAE@XZ 1000d0e0 f i scanner.obj
 0001:0000c100       ??0_Container_base12@std@@QAE@XZ 1000d100 f i scanner.obj
 0001:0000c130       ??0_Container_proxy@std@@QAE@XZ 1000d130 f i scanner.obj
 0001:0000c170       ??1?$Reference@VObject@Napi@@@Napi@@QAE@XZ 1000d170 f i scanner.obj
 0001:0000c1f0       ??1?$_Compressed_pair@V?$allocator@D@std@@V?$_String_val@U?$_Simple_types@D@std@@@2@$00@std@@QAE@XZ 1000d1f0 f i scanner.obj
 0001:0000c220       ??1?$_String_alloc@U?$_String_base_types@DV?$allocator@D@std@@@std@@@std@@QAE@XZ 1000d220 f i scanner.obj
 0001:0000c260       ??1?$_String_val@U?$_Simple_types@D@std@@@std@@QAE@XZ 1000d260 f i scanner.obj
 0001:0000c290       ??1?$basic_string@DU?$char_traits@D@std@@V?$allocator@D@2@@std@@QAE@XZ 1000d290 f i scanner.obj
 0001:0000c2d0       ??1CallbackInfo@Napi@@QAE@XZ 1000d2d0 f i scanner.obj
 0001:0000c330       ??1Error@Napi@@QAE@XZ      1000d330 f i scanner.obj
 0001:0000c370       ??1HandleScope@Napi@@QAE@XZ 1000d370 f i scanner.obj
 0001:0000c3c0       ??1ObjectReference@Napi@@QAE@XZ 1000d3c0 f i scanner.obj
 0001:0000c3f0       ??1_Bxty@?$_String_val@U?$_Simple_types@D@std@@@std@@QAE@XZ 1000d3f0 f i scanner.obj
 0001:0000c410       ??2@YAPAXIPAX@Z            1000d410 f i scanner.obj
 0001:0000c420       ??4?$basic_string@DU?$char_traits@D@std@@V?$allocator@D@2@@std@@QAEAAV01@QBD@Z 1000d420 f i scanner.obj
 0001:0000c460       ??ACallbackInfo@Napi@@QBE?BVValue@1@I@Z 1000d460 f i scanner.obj
 0001:0000c540       ??BEnv@Napi@@QBEPAUnapi_env__@@XZ 1000d540 f i scanner.obj
 0001:0000c560       ??BValue@Napi@@QBEPAUnapi_value__@@XZ 1000d560 f i scanner.obj
 0001:0000c580       ??R<lambda_4416b341ff8077cc7b1fc70d3d247718>@@QBEPAUnapi_value__@@XZ 1000d580 f i scanner.obj
 0001:0000c630       ??R<lambda_6f1e6085d269fa8ae3955a522523ef37>@@QBE?AVString@Napi@@XZ 1000d630 f i scanner.obj
 0001:0000c730       ??R<lambda_9366063389c5f42a00a5088cf24e69de>@@QBEXQADIQBD@Z 1000d730 f i scanner.obj
 0001:0000c7a0       ??R<lambda_ab246b20b9526e2ef7792587e4298a77>@@QBEXQADQBDI1I@Z 1000d7a0 f i scanner.obj
 0001:0000c880       ??Y?$basic_string@DU?$char_traits@D@std@@V?$allocator@D@2@@std@@QAEAAV01@QBD@Z 1000d880 f i scanner.obj
 0001:0000c8c0       ?Data@?$Buffer@D@Napi@@QBEPADXZ 1000d8c0 f i scanner.obj
 0001:0000c900       ?Data@CallbackInfo@Napi@@QBEPAXXZ 1000d900 f i scanner.obj
 0001:0000c920       ?EnsureInfo@?$Buffer@D@Napi@@ABEXXZ 1000d920 f i scanner.obj
 0001:0000ca60       ?Env@CallbackInfo@Napi@@QBE?AV02@XZ 1000da60 f i scanner.obj
 0001:0000caa0       ?Fatal@Error@Napi@@SAXPBD0@Z 1000daa0 f i scanner.obj
 0001:0000cae0       ?From@?$vf_fallback@VFunction@Napi@@@details@Napi@@SA?AVValue@3@PAUnapi_env__@@ABVFunction@3@@Z 1000dae0 f i scanner.obj
 0001:0000cb10       ?IsBuffer@Value@Napi@@QBE_NXZ 1000db10 f i scanner.obj
 0001:0000cc20       ?IsEmpty@?$Reference@VObject@Napi@@@Napi@@QBE_NXZ 1000dc20 f i scanner.obj
 0001:0000cc70       ?Length@CallbackInfo@Napi@@QBEIXZ 1000dc70 f i scanner.obj
 0001:0000cc90       ?New@Error@Napi@@SA?AV12@PAUnapi_env__@@@Z 1000dc90 f i scanner.obj
 0001:0000d010       ?New@String@Napi@@SA?AV12@PAUnapi_env__@@ABV?$basic_string@DU?$char_traits@D@std@@V?$allocator@D@2@@std@@@Z 1000e010 f i scanner.obj
 0001:0000d050       ?New@String@Napi@@SA?AV12@PAUnapi_env__@@PBD@Z 1000e050 f i scanner.obj
 0001:0000d160       ?New@String@Napi@@SA?AV12@PAUnapi_env__@@PBDI@Z 1000e160 f i scanner.obj
 0001:0000d270       ?RegisterModule@Napi@@YAPAUnapi_value__@@PAUnapi_env__@@PAU2@P6A?AVObject@1@VEnv@1@V41@@Z@Z 1000e270 f i scanner.obj
 0001:0000d2e0       ?SetData@CallbackInfo@Napi@@QAEXPAX@Z 1000e2e0 f i scanner.obj
 0001:0000d310       ?ThrowAsJavaScriptException@Error@Napi@@QBEXXZ 1000e310 f i scanner.obj
 0001:0000d450       ?ToObject@Value@Napi@@QBE?AVObject@2@XZ 1000e450 f i scanner.obj
 0001:0000d570       ?Undefined@Env@Napi@@QBE?AVValue@2@XZ 1000e570 f i scanner.obj
 0001:0000d690       ?Value@?$Reference@VObject@Napi@@@Napi@@QBE?AVObject@2@XZ 1000e690 f i scanner.obj
 0001:0000d7d0       ?Wrapper@?$CallbackData@P6A?AVString@Napi@@ABVCallbackInfo@2@@ZV12@@details@Napi@@SAPAUnapi_value__@@PAUnapi_env__@@PAUnapi_callback_info__@@@Z 1000e7d0 f i scanner.obj
 0001:0000d830       ?_Adjust_manually_vector_aligned@std@@YAXAAPAXAAI@Z 1000e830 f i scanner.obj
 0001:0000d9a0       ?_Alloc_proxy@?$_String_alloc@U?$_String_base_types@DV?$allocator@D@std@@@std@@@std@@QAEXXZ 1000e9a0 f i scanner.obj
 0001:0000dab0       ?_Allocate@_Default_allocate_traits@std@@SAPAXI@Z 1000eab0 f i scanner.obj
 0001:0000dad0       ?_Calculate_growth@?$basic_string@DU?$char_traits@D@std@@V?$allocator@D@2@@std@@QBEII@Z 1000ead0 f i scanner.obj
 0001:0000dbd0       ?_Free_proxy@?$_String_alloc@U?$_String_base_types@DV?$allocator@D@std@@@std@@@std@@QAEXXZ 1000ebd0 f i scanner.obj
 0001:0000dcc0       ?_Get_data@?$_String_alloc@U?$_String_base_types@DV?$allocator@D@std@@@std@@@std@@QAEAAV?$_String_val@U?$_Simple_types@D@std@@@2@XZ 1000ecc0 f i scanner.obj
 0001:0000dcf0       ?_Get_data@?$_String_alloc@U?$_String_base_types@DV?$allocator@D@std@@@std@@@std@@QBEABV?$_String_val@U?$_Simple_types@D@std@@@2@XZ 1000ecf0 f i scanner.obj
 0001:0000dd20       ?_Get_first@?$_Compressed_pair@V?$allocator@D@std@@V?$_String_val@U?$_Simple_types@D@std@@@2@$00@std@@QAEAAV?$allocator@D@2@XZ 1000ed20 f i scanner.obj
 0001:0000dd40       ?_Get_first@?$_Compressed_pair@V?$allocator@D@std@@V?$_String_val@U?$_Simple_types@D@std@@@2@$00@std@@QBEABV?$allocator@D@2@XZ 1000ed40 f i scanner.obj
 0001:0000dd60       ?_Get_second@?$_Compressed_pair@V?$allocator@D@std@@V?$_String_val@U?$_Simple_types@D@std@@@2@$00@std@@QAEAAV?$_String_val@U?$_Simple_types@D@std@@@2@XZ 1000ed60 f i scanner.obj
 0001:0000dd80       ?_Get_second@?$_Compressed_pair@V?$allocator@D@std@@V?$_String_val@U?$_Simple_types@D@std@@@2@$00@std@@QBEABV?$_String_val@U?$_Simple_types@D@std@@@2@XZ 1000ed80 f i scanner.obj
 0001:0000dda0       ?_Getal@?$_String_alloc@U?$_String_base_types@DV?$allocator@D@std@@@std@@@std@@QAEAAV?$allocator@D@2@XZ 1000eda0 f i scanner.obj
 0001:0000ddd0       ?_Getal@?$_String_alloc@U?$_String_base_types@DV?$allocator@D@std@@@std@@@std@@QBEABV?$allocator@D@2@XZ 1000edd0 f i scanner.obj
 0001:0000de00       ?_Large_string_engaged@?$_String_val@U?$_Simple_types@D@std@@@std@@QBE_NXZ 1000ee00 f i scanner.obj
 0001:0000de50       ?_Myproxy@?$_String_alloc@U?$_String_base_types@DV?$allocator@D@std@@@std@@@std@@QAEAAPAU_Container_proxy@2@XZ 1000ee50 f i scanner.obj
 0001:0000de80       ?_Myptr@?$_String_val@U?$_Simple_types@D@std@@@std@@QAEPADXZ 1000ee80 f i scanner.obj
 0001:0000def0       ?_Myptr@?$_String_val@U?$_Simple_types@D@std@@@std@@QBEPBDXZ 1000eef0 f i scanner.obj
 0001:0000df60       ?_Orphan_all@?$_String_alloc@U?$_String_base_types@DV?$allocator@D@std@@@std@@@std@@QAEXXZ 1000ef60 f i scanner.obj
 0001:0000dfa0       ?_Orphan_all@_Container_base12@std@@QAEXXZ 1000efa0 f i scanner.obj
 0001:0000e080       ?_Tidy_deallocate@?$basic_string@DU?$char_traits@D@std@@V?$allocator@D@2@@std@@QAEXXZ 1000f080 f i scanner.obj
 0001:0000e180       ?_Tidy_init@?$basic_string@DU?$char_traits@D@std@@V?$allocator@D@2@@std@@QAEXXZ 1000f180 f i scanner.obj
 0001:0000e210       ?_Xlen@?$basic_string@DU?$char_traits@D@std@@V?$allocator@D@2@@std@@SAXXZ 1000f210 f i scanner.obj
 0001:0000e230       ?__empty_global_delete@@YAXPAX@Z 1000f230 f i scanner.obj
 0001:0000e240       ?__empty_global_delete@@YAXPAXI@Z 1000f240 f i scanner.obj
 0001:0000e250       ?allocate@?$allocator@D@std@@QAEPADI@Z 1000f250 f i scanner.obj
 0001:0000e290       ?allocate@?$allocator@U_Container_proxy@std@@@std@@QAEPAU_Container_proxy@2@I@Z 1000f290 f i scanner.obj
 0001:0000e2d0       ?append@?$basic_string@DU?$char_traits@D@std@@V?$allocator@D@2@@std@@QAEAAV12@QBD@Z 1000f2d0 f i scanner.obj
 0001:0000e320       ?append@?$basic_string@DU?$char_traits@D@std@@V?$allocator@D@2@@std@@QAEAAV12@QBDI@Z 1000f320 f i scanner.obj
 0001:0000e410       ?assign@?$basic_string@DU?$char_traits@D@std@@V?$allocator@D@2@@std@@QAEAAV12@QBD@Z 1000f410 f i scanner.obj
 0001:0000e460       ?assign@?$basic_string@DU?$char_traits@D@std@@V?$allocator@D@2@@std@@QAEAAV12@QBDI@Z 1000f460 f i scanner.obj
 0001:0000e530       ?assign@?$char_traits@D@std@@SAXAADABD@Z 1000f530 f i scanner.obj
 0001:0000e550       ?c_str@?$basic_string@DU?$char_traits@D@std@@V?$allocator@D@2@@std@@QBEPBDXZ 1000f550 f i scanner.obj
 0001:0000e590       ?copy@?$char_traits@D@std@@SAPADQADQBDI@Z 1000f590 f i scanner.obj
 0001:0000e5c0       ?deallocate@?$_Default_allocator_traits@V?$allocator@U_Container_proxy@std@@@std@@@std@@SAXAAV?$allocator@U_Container_proxy@std@@@2@QAU_Container_proxy@2@I@Z 1000f5c0 f i scanner.obj
 0001:0000e5f0       ?deallocate@?$allocator@D@std@@QAEXQADI@Z 1000f5f0 f i scanner.obj
 0001:0000e630       ?length@?$char_traits@D@std@@SAIQBD@Z 1000f630 f i scanner.obj
 0001:0000e650       ?max@?$numeric_limits@H@std@@SAHXZ 1000f650 f i scanner.obj
 0001:0000e660       ?max_size@?$_Default_allocator_traits@V?$allocator@D@std@@@std@@SAIABV?$allocator@D@2@@Z 1000f660 f i scanner.obj
 0001:0000e670       ?max_size@?$basic_string@DU?$char_traits@D@std@@V?$allocator@D@2@@std@@QBEIXZ 1000f670 f i scanner.obj
 0001:0000e760       ?move@?$char_traits@D@std@@SAPADQADQBDI@Z 1000f760 f i scanner.obj
 0001:0000e790       ?size@?$basic_string@DU?$char_traits@D@std@@V?$allocator@D@2@@std@@QBEIXZ 1000f790 f i scanner.obj
 0001:0000e84e       _CreateFileA@28            1000f84e f   kernel32:KERNEL32.dll
 0001:0000e854       _WriteFile@20              1000f854 f   kernel32:KERNEL32.dll
 0001:0000e85a       _CloseHandle@4             1000f85a f   kernel32:KERNEL32.dll
 0001:0000e860       _GetLastError@0            1000f860 f   kernel32:KERNEL32.dll
 0001:0000e866       _FreeLibrary@4             1000f866 f   kernel32:KERNEL32.dll
 0001:0000e86c       _GetProcAddress@8          1000f86c f   kernel32:KERNEL32.dll
 0001:0000e872       _LoadLibraryA@4            1000f872 f   kernel32:KERNEL32.dll
 0001:0000e878       _GlobalAlloc@8             1000f878 f   kernel32:KERNEL32.dll
 0001:0000e87e       _GlobalUnlock@4            1000f87e f   kernel32:KERNEL32.dll
 0001:0000e884       _GlobalLock@4              1000f884 f   kernel32:KERNEL32.dll
 0001:0000e88a       _GlobalFree@4              1000f88a f   kernel32:KERNEL32.dll
 0001:0000e890       _GetModuleHandleA@4        1000f890 f   kernel32:KERNEL32.dll
 0001:0000e896       _GetMessageA@16            1000f896 f   user32:USER32.dll
 0001:0000e89c       _TranslateMessage@4        1000f89c f   user32:USER32.dll
 0001:0000e8a2       _DispatchMessageA@4        1000f8a2 f   user32:USER32.dll
 0001:0000e8a8       _GetDC@4                   1000f8a8 f   user32:USER32.dll
 0001:0000e8ae       _ReleaseDC@8               1000f8ae f   user32:USER32.dll
 0001:0000e8b4       _CreateDCA@16              1000f8b4 f   gdi32:GDI32.dll
 0001:0000e8ba       _DeleteDC@4                1000f8ba f   gdi32:GDI32.dll
 0001:0000e8c0       _GetDeviceCaps@8           1000f8c0 f   gdi32:GDI32.dll
 0001:0000e8c6       _GetDIBits@28              1000f8c6 f   gdi32:GDI32.dll
 0001:0000e8cc       _GetStockObject@4          1000f8cc f   gdi32:GDI32.dll
 0001:0000e8d2       _RealizePalette@4          1000f8d2 f   gdi32:GDI32.dll
 0001:0000e8d8       _SelectPalette@12          1000f8d8 f   gdi32:GDI32.dll
 0001:0000e8de       _GetObjectA@12             1000f8de f   gdi32:GDI32.dll
 0001:0000e8e4       __imp_load__napi_module_register 1000f8e4 f   node:node.exe
 0001:0000e8ee       _napi_module_register      1000f8ee f   node:node.exe
 0001:0000e8f4       __tailMerge_node_exe       1000f8f4     node:node.exe
 0001:0000e905       __imp_load__napi_get_last_error_info 1000f905 f   node:node.exe
 0001:0000e90f       _napi_get_last_error_info  1000f90f f   node:node.exe
 0001:0000e915       __imp_load__napi_fatal_error 1000f915 f   node:node.exe
 0001:0000e91f       _napi_fatal_error          1000f91f f   node:node.exe
 0001:0000e925       __imp_load__napi_get_undefined 1000f925 f   node:node.exe
 0001:0000e92f       _napi_get_undefined        1000f92f f   node:node.exe
 0001:0000e935       __imp_load__napi_create_string_utf8 1000f935 f   node:node.exe
 0001:0000e93f       _napi_create_string_utf8   1000f93f f   node:node.exe
 0001:0000e945       __imp_load__napi_create_symbol 1000f945 f   node:node.exe
 0001:0000e94f       _napi_create_symbol        1000f94f f   node:node.exe
 0001:0000e955       __imp_load__napi_create_function 1000f955 f   node:node.exe
 0001:0000e95f       _napi_create_function      1000f95f f   node:node.exe
 0001:0000e965       __imp_load__napi_create_error 1000f965 f   node:node.exe
 0001:0000e96f       _napi_create_error         1000f96f f   node:node.exe
 0001:0000e975       __imp_load__napi_create_type_error 1000f975 f   node:node.exe
 0001:0000e97f       _napi_create_type_error    1000f97f f   node:node.exe
 0001:0000e985       __imp_load__napi_coerce_to_object 1000f985 f   node:node.exe
 0001:0000e98f       _napi_coerce_to_object     1000f98f f   node:node.exe
 0001:0000e995       __imp_load__napi_set_property 1000f995 f   node:node.exe
 0001:0000e99f       _napi_set_property         1000f99f f   node:node.exe
 0001:0000e9a5       __imp_load__napi_define_properties 1000f9a5 f   node:node.exe
 0001:0000e9af       _napi_define_properties    1000f9af f   node:node.exe
 0001:0000e9b5       __imp_load__napi_get_cb_info 1000f9b5 f   node:node.exe
 0001:0000e9bf       _napi_get_cb_info          1000f9bf f   node:node.exe
 0001:0000e9c5       __imp_load__napi_create_external 1000f9c5 f   node:node.exe
 0001:0000e9cf       _napi_create_external      1000f9cf f   node:node.exe
 0001:0000e9d5       __imp_load__napi_create_reference 1000f9d5 f   node:node.exe
 0001:0000e9df       _napi_create_reference     1000f9df f   node:node.exe
 0001:0000e9e5       __imp_load__napi_delete_reference 1000f9e5 f   node:node.exe
 0001:0000e9ef       _napi_delete_reference     1000f9ef f   node:node.exe
 0001:0000e9f5       __imp_load__napi_get_reference_value 1000f9f5 f   node:node.exe
 0001:0000e9ff       _napi_get_reference_value  1000f9ff f   node:node.exe
 0001:0000ea05       __imp_load__napi_open_handle_scope 1000fa05 f   node:node.exe
 0001:0000ea0f       _napi_open_handle_scope    1000fa0f f   node:node.exe
 0001:0000ea15       __imp_load__napi_close_handle_scope 1000fa15 f   node:node.exe
 0001:0000ea1f       _napi_close_handle_scope   1000fa1f f   node:node.exe
 0001:0000ea25       __imp_load__napi_throw     1000fa25 f   node:node.exe
 0001:0000ea2f       _napi_throw                1000fa2f f   node:node.exe
 0001:0000ea35       __imp_load__napi_is_exception_pending 1000fa35 f   node:node.exe
 0001:0000ea3f       _napi_is_exception_pending 1000fa3f f   node:node.exe
 0001:0000ea45       __imp_load__napi_get_and_clear_last_exception 1000fa45 f   node:node.exe
 0001:0000ea4f       _napi_get_and_clear_last_exception 1000fa4f f   node:node.exe
 0001:0000ea55       __imp_load__napi_is_buffer 1000fa55 f   node:node.exe
 0001:0000ea5f       _napi_is_buffer            1000fa5f f   node:node.exe
 0001:0000ea65       __imp_load__napi_get_buffer_info 1000fa65 f   node:node.exe
 0001:0000ea6f       _napi_get_buffer_info      1000fa6f f   node:node.exe
 0001:0000ea75       __imp_load__napi_get_typedarray_info 1000fa75 f   node:node.exe
 0001:0000ea7f       _napi_get_typedarray_info  1000fa7f f   node:node.exe
 0001:0000ea90       ??0_Init_locks@std@@QAE@XZ 1000fa90 f   libcpmtd:xlock.obj
 0001:0000eaf0       ??0_Lockit@std@@QAE@H@Z    1000faf0 f   libcpmtd:xlock.obj
 0001:0000eb50       ??0_Lockit@std@@QAE@XZ     1000fb50 f   libcpmtd:xlock.obj
 0001:0000eba0       ??1_Init_locks@std@@QAE@XZ 1000fba0 f   libcpmtd:xlock.obj
 0001:0000ec00       ??1_Lockit@std@@QAE@XZ     1000fc00 f   libcpmtd:xlock.obj
 0001:0000ec50       ?_Init_locks_ctor@_Init_locks@std@@CAXPAV12@@Z 1000fc50 f   libcpmtd:xlock.obj
 0001:0000ecb0       ?_Init_locks_dtor@_Init_locks@std@@CAXPAV12@@Z 1000fcb0 f   libcpmtd:xlock.obj
 0001:0000ed10       ?_Lockit_ctor@_Lockit@std@@CAXPAV12@@Z 1000fd10 f   libcpmtd:xlock.obj
 0001:0000ed40       ?_Lockit_ctor@_Lockit@std@@CAXPAV12@H@Z 1000fd40 f   libcpmtd:xlock.obj
 0001:0000ed80       ?_Lockit_ctor@_Lockit@std@@SAXH@Z 1000fd80 f   libcpmtd:xlock.obj
 0001:0000edc0       ?_Lockit_dtor@_Lockit@std@@CAXPAV12@@Z 1000fdc0 f   libcpmtd:xlock.obj
 0001:0000ede0       ?_Lockit_dtor@_Lockit@std@@SAXH@Z 1000fde0 f   libcpmtd:xlock.obj
 0001:0000ee20       __Lock_at_thread_exit_mutex 1000fe20 f   libcpmtd:xlock.obj
 0001:0000ee50       __Unlock_at_thread_exit_mutex 1000fe50 f   libcpmtd:xlock.obj
 0001:0000ee80       ??0bad_alloc@std@@QAE@ABV01@@Z 1000fe80 f i libcpmtd:xthrow.obj
 0001:0000eeb0       ??0bad_alloc@std@@QAE@XZ   1000feb0 f i libcpmtd:xthrow.obj
 0001:0000eee0       ??0bad_function_call@std@@QAE@ABV01@@Z 1000fee0 f i libcpmtd:xthrow.obj
 0001:0000ef10       ??0bad_function_call@std@@QAE@XZ 1000ff10 f i libcpmtd:xthrow.obj
 0001:0000ef40       ??0exception@std@@QAE@ABV01@@Z 1000ff40 f i libcpmtd:xthrow.obj
 0001:0000ef90       ??0exception@std@@QAE@QBD@Z 1000ff90 f i libcpmtd:xthrow.obj
 0001:0000eff0       ??0exception@std@@QAE@QBDH@Z 1000fff0 f i libcpmtd:xthrow.obj
 0001:0000f030       ??0exception@std@@QAE@XZ   10010030 f i libcpmtd:xthrow.obj
 0001:0000f060       ??0invalid_argument@std@@QAE@ABV01@@Z 10010060 f i libcpmtd:xthrow.obj
 0001:0000f090       ??0invalid_argument@std@@QAE@PBD@Z 10010090 f i libcpmtd:xthrow.obj
 0001:0000f0c0       ??0length_error@std@@QAE@ABV01@@Z 100100c0 f i libcpmtd:xthrow.obj
 0001:0000f0f0       ??0length_error@std@@QAE@PBD@Z 100100f0 f i libcpmtd:xthrow.obj
 0001:0000f120       ??0logic_error@std@@QAE@ABV01@@Z 10010120 f i libcpmtd:xthrow.obj
 0001:0000f150       ??0logic_error@std@@QAE@PBD@Z 10010150 f i libcpmtd:xthrow.obj
 0001:0000f180       ??0out_of_range@std@@QAE@ABV01@@Z 10010180 f i libcpmtd:xthrow.obj
 0001:0000f1b0       ??0out_of_range@std@@QAE@PBD@Z 100101b0 f i libcpmtd:xthrow.obj
 0001:0000f1e0       ??0overflow_error@std@@QAE@ABV01@@Z 100101e0 f i libcpmtd:xthrow.obj
 0001:0000f210       ??0overflow_error@std@@QAE@PBD@Z 10010210 f i libcpmtd:xthrow.obj
 0001:0000f240       ??0regex_error@std@@QAE@ABV01@@Z 10010240 f i libcpmtd:xthrow.obj
 0001:0000f280       ??0regex_error@std@@QAE@W4error_type@regex_constants@1@@Z 10010280 f i libcpmtd:xthrow.obj
 0001:0000f2d0       ??0runtime_error@std@@QAE@ABV01@@Z 100102d0 f i libcpmtd:xthrow.obj
 0001:0000f300       ??0runtime_error@std@@QAE@PBD@Z 10010300 f i libcpmtd:xthrow.obj
 0001:0000f330       ??1bad_alloc@std@@UAE@XZ   10010330 f i libcpmtd:xthrow.obj
 0001:0000f350       ??1bad_function_call@std@@UAE@XZ 10010350 f i libcpmtd:xthrow.obj
 0001:0000f370       ??1exception@std@@UAE@XZ   10010370 f i libcpmtd:xthrow.obj
 0001:0000f3a0       ??1invalid_argument@std@@UAE@XZ 100103a0 f i libcpmtd:xthrow.obj
 0001:0000f3c0       ??1length_error@std@@UAE@XZ 100103c0 f i libcpmtd:xthrow.obj
 0001:0000f3e0       ??1logic_error@std@@UAE@XZ 100103e0 f i libcpmtd:xthrow.obj
 0001:0000f400       ??1out_of_range@std@@UAE@XZ 10010400 f i libcpmtd:xthrow.obj
 0001:0000f420       ??1overflow_error@std@@UAE@XZ 10010420 f i libcpmtd:xthrow.obj
 0001:0000f440       ??1regex_error@std@@UAE@XZ 10010440 f i libcpmtd:xthrow.obj
 0001:0000f460       ??1runtime_error@std@@UAE@XZ 10010460 f i libcpmtd:xthrow.obj
 0001:0000f480       ??_Ebad_alloc@std@@UAEPAXI@Z 10010480 f i libcpmtd:xthrow.obj
 0001:0000f480       ??_Gbad_alloc@std@@UAEPAXI@Z 10010480 f i libcpmtd:xthrow.obj
 0001:0000f4c0       ??_Gbad_function_call@std@@UAEPAXI@Z 100104c0 f i libcpmtd:xthrow.obj
 0001:0000f4c0       ??_Ebad_function_call@std@@UAEPAXI@Z 100104c0 f i libcpmtd:xthrow.obj
 0001:0000f500       ??_Gexception@std@@UAEPAXI@Z 10010500 f i libcpmtd:xthrow.obj
 0001:0000f500       ??_Eexception@std@@UAEPAXI@Z 10010500 f i libcpmtd:xthrow.obj
 0001:0000f540       ??_Einvalid_argument@std@@UAEPAXI@Z 10010540 f i libcpmtd:xthrow.obj
 0001:0000f540       ??_Ginvalid_argument@std@@UAEPAXI@Z 10010540 f i libcpmtd:xthrow.obj
 0001:0000f580       ??_Elength_error@std@@UAEPAXI@Z 10010580 f i libcpmtd:xthrow.obj
 0001:0000f580       ??_Glength_error@std@@UAEPAXI@Z 10010580 f i libcpmtd:xthrow.obj
 0001:0000f5c0       ??_Elogic_error@std@@UAEPAXI@Z 100105c0 f i libcpmtd:xthrow.obj
 0001:0000f5c0       ??_Glogic_error@std@@UAEPAXI@Z 100105c0 f i libcpmtd:xthrow.obj
 0001:0000f600       ??_Gout_of_range@std@@UAEPAXI@Z 10010600 f i libcpmtd:xthrow.obj
 0001:0000f600       ??_Eout_of_range@std@@UAEPAXI@Z 10010600 f i libcpmtd:xthrow.obj
 0001:0000f640       ??_Eoverflow_error@std@@UAEPAXI@Z 10010640 f i libcpmtd:xthrow.obj
 0001:0000f640       ??_Goverflow_error@std@@UAEPAXI@Z 10010640 f i libcpmtd:xthrow.obj
 0001:0000f680       ??_Gregex_error@std@@UAEPAXI@Z 10010680 f i libcpmtd:xthrow.obj
 0001:0000f680       ??_Eregex_error@std@@UAEPAXI@Z 10010680 f i libcpmtd:xthrow.obj
 0001:0000f6c0       ??_Eruntime_error@std@@UAEPAXI@Z 100106c0 f i libcpmtd:xthrow.obj
 0001:0000f6c0       ??_Gruntime_error@std@@UAEPAXI@Z 100106c0 f i libcpmtd:xthrow.obj
 0001:0000f700       ?_Stringify@regex_error@std@@CAPBDW4error_type@regex_constants@2@@Z 10010700 f i libcpmtd:xthrow.obj
 0001:0000f800       ?_Xbad_alloc@std@@YAXXZ    10010800 f   libcpmtd:xthrow.obj
 0001:0000f830       ?_Xbad_function_call@std@@YAXXZ 10010830 f   libcpmtd:xthrow.obj
 0001:0000f860       ?_Xinvalid_argument@std@@YAXPBD@Z 10010860 f   libcpmtd:xthrow.obj
 0001:0000f890       ?_Xlength_error@std@@YAXPBD@Z 10010890 f   libcpmtd:xthrow.obj
 0001:0000f8c0       ?_Xout_of_range@std@@YAXPBD@Z 100108c0 f   libcpmtd:xthrow.obj
 0001:0000f8f0       ?_Xoverflow_error@std@@YAXPBD@Z 100108f0 f   libcpmtd:xthrow.obj
 0001:0000f920       ?_Xregex_error@std@@YAXW4error_type@regex_constants@1@@Z 10010920 f   libcpmtd:xthrow.obj
 0001:0000f950       ?_Xruntime_error@std@@YAXPBD@Z 10010950 f   libcpmtd:xthrow.obj
 0001:0000f980       ?__empty_global_delete@@YAXPAXIW4align_val_t@std@@@Z 10010980 f i libcpmtd:xthrow.obj
 0001:0000f990       ?__empty_global_delete@@YAXPAXW4align_val_t@std@@@Z 10010990 f i libcpmtd:xthrow.obj
 0001:0000f9a0       ?what@bad_function_call@std@@UBEPBDXZ 100109a0 f i libcpmtd:xthrow.obj
 0001:0000f9c0       ?what@exception@std@@UBEPBDXZ 100109c0 f i libcpmtd:xthrow.obj
 0001:0000fa00       __Mtxdst                   10010a00 f   libcpmtd:xmtx.obj
 0001:0000fa20       __Mtxinit                  10010a20 f   libcpmtd:xmtx.obj
 0001:0000fa40       __Mtxlock                  10010a40 f   libcpmtd:xmtx.obj
 0001:0000fa60       __Mtxunlock                10010a60 f   libcpmtd:xmtx.obj
 0001:00010180       ___crtAcquireSRWLockExclusive 10011180 f   libcpmtd:winapisupp.obj
 0001:000101d0       ___crtCloseThreadpoolTimer 100111d0 f   libcpmtd:winapisupp.obj
 0001:00010220       ___crtCloseThreadpoolWait  10011220 f   libcpmtd:winapisupp.obj
 0001:00010270       ___crtCloseThreadpoolWork  10011270 f   libcpmtd:winapisupp.obj
 0001:000102c0       ___crtCreateEventExW       100112c0 f   libcpmtd:winapisupp.obj
 0001:00010340       ___crtCreateSemaphoreExW   10011340 f   libcpmtd:winapisupp.obj
 0001:00010400       ___crtCreateSymbolicLinkW  10011400 f   libcpmtd:winapisupp.obj
 0001:00010460       ___crtCreateThreadpoolTimer 10011460 f   libcpmtd:winapisupp.obj
 0001:000104c0       ___crtCreateThreadpoolWait 100114c0 f   libcpmtd:winapisupp.obj
 0001:00010520       ___crtCreateThreadpoolWork 10011520 f   libcpmtd:winapisupp.obj
 0001:00010570       ___crtFlsAlloc             10011570 f   libcpmtd:winapisupp.obj
 0001:000105d0       ___crtFlsFree              100115d0 f   libcpmtd:winapisupp.obj
 0001:00010630       ___crtFlsGetValue          10011630 f   libcpmtd:winapisupp.obj
 0001:00010690       ___crtFlsSetValue          10011690 f   libcpmtd:winapisupp.obj
 0001:000106f0       ___crtFlushProcessWriteBuffers 100116f0 f   libcpmtd:winapisupp.obj
 0001:00010740       ___crtFreeLibraryWhenCallbackReturns 10011740 f   libcpmtd:winapisupp.obj
 0001:00010790       ___crtGetCurrentProcessorNumber 10011790 f   libcpmtd:winapisupp.obj
 0001:000107e0       ___crtGetFileInformationByHandleEx 100117e0 f   libcpmtd:winapisupp.obj
 0001:00010850       ___crtGetSystemTimePreciseAsFileTime 10011850 f   libcpmtd:winapisupp.obj
 0001:000108b0       ___crtGetTickCount64       100118b0 f   libcpmtd:winapisupp.obj
 0001:00010900       ___crtInitOnceExecuteOnce  10011900 f   libcpmtd:winapisupp.obj
 0001:00010a60       ___crtInitializeConditionVariable 10011a60 f   libcpmtd:winapisupp.obj
 0001:00010ab0       ___crtInitializeCriticalSectionEx 10011ab0 f   libcpmtd:winapisupp.obj
 0001:00010b20       ___crtInitializeSRWLock    10011b20 f   libcpmtd:winapisupp.obj
 0001:00010b70       ___crtIsPackagedApp        10011b70 f   libcpmtd:winapisupp.obj
 0001:00010bc0       ___crtReleaseSRWLockExclusive 10011bc0 f   libcpmtd:winapisupp.obj
 0001:00010c10       ___crtSetFileInformationByHandle 10011c10 f   libcpmtd:winapisupp.obj
 0001:00010c80       ___crtSetThreadpoolTimer   10011c80 f   libcpmtd:winapisupp.obj
 0001:00010ce0       ___crtSetThreadpoolWait    10011ce0 f   libcpmtd:winapisupp.obj
 0001:00010d40       ___crtSleepConditionVariableCS 10011d40 f   libcpmtd:winapisupp.obj
 0001:00010d90       ___crtSleepConditionVariableSRW 10011d90 f   libcpmtd:winapisupp.obj
 0001:00010df0       ___crtSubmitThreadpoolWork 10011df0 f   libcpmtd:winapisupp.obj
 0001:00010e40       ___crtTryAcquireSRWLockExclusive 10011e40 f   libcpmtd:winapisupp.obj
 0001:00010e90       ___crtWaitForThreadpoolTimerCallbacks 10011e90 f   libcpmtd:winapisupp.obj
 0001:00010ee0       ___crtWakeAllConditionVariable 10011ee0 f   libcpmtd:winapisupp.obj
 0001:00010f30       ___crtWakeConditionVariable 10011f30 f   libcpmtd:winapisupp.obj
 0001:00010f80       ___crt_IsPackagedAppHelper 10011f80 f   libcpmtd:winapisupp.obj
 0001:00011000       ??2@YAPAXI@Z               10012000 f   LIBCMTD:new_scalar.obj
 0001:00011060       ??3@YAXPAXI@Z              10012060 f   LIBCMTD:delete_scalar_size.obj
 0001:00011080       ??_U@YAPAXI@Z              10012080 f   LIBCMTD:new_array.obj
 0001:000110a0       ??_V@YAXPAX@Z              100120a0 f   LIBCMTD:delete_array.obj
 0001:000110c0       @_RTC_AllocaHelper@12      100120c0 f   LIBCMTD:stack.obj
 0001:00011100       @_RTC_CheckStackVars2@12   10012100 f   LIBCMTD:stack.obj
 0001:00011220       @_RTC_CheckStackVars@8     10012220 f   LIBCMTD:stack.obj
 0001:000112a0       __RTC_CheckEsp             100122a0 f   LIBCMTD:stack.obj
 0001:000112e0       @__security_check_cookie@4 100122e0 f   LIBCMTD:secchk.obj
 0001:00011300       __CRT_RTC_INIT             10012300 f   LIBCMTD:init.obj
 0001:00011310       __CRT_RTC_INITW            10012310 f   LIBCMTD:init.obj
 0001:00011320       __RTC_InitBase             10012320 f   LIBCMTD:init.obj
 0001:00011360       __RTC_Shutdown             10012360 f   LIBCMTD:init.obj
 0001:00011940       __CRT_INIT@12              10012940 f   LIBCMTD:dll_dllmain.obj
 0001:00011960       __DllMainCRTStartup@12     10012960 f   LIBCMTD:dll_dllmain.obj
 0001:00011990       ??$__crt_fast_decode_pointer@PAP6AXXZ@@YAPAP6AXXZQAP6AXXZ@Z 10012990 f i LIBCMTD:utility.obj
 0001:000119c0       ??$__crt_fast_encode_pointer@PAP6AXXZ@@YAPAP6AXXZQAP6AXXZ@Z 100129c0 f i LIBCMTD:utility.obj
 0001:00011a00       ?__crt_rotate_pointer_value@@YAIIH@Z 10012a00 f i LIBCMTD:utility.obj
 0001:00011a10       ?configure_argv@__scrt_narrow_argv_policy@@SAHXZ 10012a10 f i LIBCMTD:utility.obj
 0001:00011ae0       ?initialize_environment@__scrt_narrow_environment_policy@@SAHXZ 10012ae0 f i LIBCMTD:utility.obj
 0001:00011b80       _NtCurrentTeb              10012b80 f i LIBCMTD:utility.obj
 0001:00011b90       ___scrt_acquire_startup_lock 10012b90 f   LIBCMTD:utility.obj
 0001:00011bf0       ___scrt_dllmain_after_initialize_c 10012bf0 f   LIBCMTD:utility.obj
 0001:00011c30       ___scrt_dllmain_before_initialize_c 10012c30 f   LIBCMTD:utility.obj
 0001:00011c60       ___scrt_dllmain_crt_thread_attach 10012c60 f   LIBCMTD:utility.obj
 0001:00011ca0       ___scrt_dllmain_crt_thread_detach 10012ca0 f   LIBCMTD:utility.obj
 0001:00011cc0       ___scrt_dllmain_exception_filter 10012cc0 f   LIBCMTD:utility.obj
 0001:00011d20       ___scrt_dllmain_uninitialize_c 10012d20 f   LIBCMTD:utility.obj
 0001:00011d60       ___scrt_dllmain_uninitialize_critical 10012d60 f   LIBCMTD:utility.obj
 0001:00011d80       ___scrt_initialize_crt     10012d80 f   LIBCMTD:utility.obj
 0001:00011de0       ___scrt_initialize_onexit_tables 10012de0 f   LIBCMTD:utility.obj
 0001:00011f00       ___scrt_is_nonwritable_in_current_image 10012f00 f   LIBCMTD:utility.obj
 0001:00012080       ___scrt_release_startup_lock 10013080 f   LIBCMTD:utility.obj
 0001:000120b0       ___scrt_uninitialize_crt   100130b0 f   LIBCMTD:utility.obj
 0001:00012100       __onexit                   10013100 f   LIBCMTD:utility.obj
 0001:00012190       _at_quick_exit             10013190 f   LIBCMTD:utility.obj
 0001:000121f0       _atexit                    100131f0 f   LIBCMTD:utility.obj
 0001:00012230       ??1type_info@@UAE@XZ       10013230 f   LIBCMTD:std_type_info_static.obj
 0001:00012250       ??_Etype_info@@UAEPAXI@Z   10013250 f i LIBCMTD:std_type_info_static.obj
 0001:00012250       ??_Gtype_info@@UAEPAXI@Z   10013250 f i LIBCMTD:std_type_info_static.obj
 0001:00012290       @_guard_check_icall_nop@4  10013290 f i LIBCMTD:guard_support.obj
 0001:000122a0       _ReadNoFence               100132a0 f i LIBCMTD:guard_support.obj
 0001:000122c0       _ReadPointerNoFence        100132c0 f i LIBCMTD:guard_support.obj
 0001:000122e0       __guard_icall_checks_enforced 100132e0 f i LIBCMTD:guard_support.obj
 0001:00012320       ??0bad_alloc@std@@AAE@QBD@Z 10013320 f i LIBCMTD:throw_bad_alloc.obj
 0001:00012350       ??0bad_array_new_length@std@@QAE@ABV01@@Z 10013350 f i LIBCMTD:throw_bad_alloc.obj
 0001:00012380       ??0bad_array_new_length@std@@QAE@XZ 10013380 f i LIBCMTD:throw_bad_alloc.obj
 0001:000123b0       ??1bad_array_new_length@std@@UAE@XZ 100133b0 f i LIBCMTD:throw_bad_alloc.obj
 0001:000123d0       ??_Ebad_array_new_length@std@@UAEPAXI@Z 100133d0 f i LIBCMTD:throw_bad_alloc.obj
 0001:000123d0       ??_Gbad_array_new_length@std@@UAEPAXI@Z 100133d0 f i LIBCMTD:throw_bad_alloc.obj
 0001:00012410       ?__scrt_throw_std_bad_alloc@@YAXXZ 10013410 f   LIBCMTD:throw_bad_alloc.obj
 0001:00012440       ?__scrt_throw_std_bad_array_new_length@@YAXXZ 10013440 f   LIBCMTD:throw_bad_alloc.obj
 0001:00012470       ??3@YAXPAX@Z               10013470 f   LIBCMTD:delete_scalar.obj
 0001:00012540       ?_RTC_AllocaFailure@@YAXPAXPAU_RTC_ALLOCA_NODE@@H@Z 10013540 f   LIBCMTD:error.obj
 0001:00012660       ?_RTC_Failure@@YAXPAXH@Z   10013660 f   LIBCMTD:error.obj
 0001:000126d0       ?_RTC_StackFailure@@YAXPAXPBD@Z 100136d0 f   LIBCMTD:error.obj
 0001:00012b80       __RTC_UninitUse            10013b80 f   LIBCMTD:error.obj
 0001:00012c60       ___local_stdio_printf_options 10013c60 f i LIBCMTD:error.obj
 0001:00012c70       __vsprintf_s_l             10013c70 f i LIBCMTD:error.obj
 0001:00012cb0       _sprintf_s                 10013cb0 f i LIBCMTD:error.obj
 0001:00012ce0       ___raise_securityfailure   10013ce0 f   LIBCMTD:gs_report.obj
 0001:00012d20       ___report_gsfailure        10013d20 f   LIBCMTD:gs_report.obj
 0001:00012e70       ___report_rangecheckfailure 10013e70 f   LIBCMTD:gs_report.obj
 0001:00012e80       ___report_securityfailure  10013e80 f   LIBCMTD:gs_report.obj
 0001:00012f90       ___report_securityfailureEx 10013f90 f   LIBCMTD:gs_report.obj
 0001:00013100       ?_RTC_GetErrorFunc@@YAP6AHHPBDH00ZZPBX@Z 10014100 f   LIBCMTD:userapi.obj
 0001:00013110       ?_RTC_GetErrorFuncW@@YAP6AHHPB_WH00ZZPBX@Z 10014110 f   LIBCMTD:userapi.obj
 0001:00013120       __RTC_GetErrDesc           10014120 f   LIBCMTD:userapi.obj
 0001:00013140       __RTC_NumErrors            10014140 f   LIBCMTD:userapi.obj
 0001:00013150       __RTC_SetErrorFunc         10014150 f   LIBCMTD:userapi.obj
 0001:00013180       __RTC_SetErrorFuncW        10014180 f   LIBCMTD:userapi.obj
 0001:000131b0       __RTC_SetErrorType         100141b0 f   LIBCMTD:userapi.obj
 0001:00013270       ___security_init_cookie    10014270 f   LIBCMTD:gs_support.obj
 0001:00013310       _DllMain@12                10014310 f   LIBCMTD:dll_dllmain_stub.obj
 0001:00013320       ?__scrt_initialize_type_info@@YAXXZ 10014320 f   LIBCMTD:tncleanup.obj
 0001:00013340       ?__scrt_uninitialize_type_info@@YAXXZ 10014340 f   LIBCMTD:tncleanup.obj
 0001:00013360       ___local_stdio_scanf_options 10014360 f i LIBCMTD:default_local_stdio_options.obj
 0001:00013370       ___scrt_initialize_default_local_stdio_options 10014370 f   LIBCMTD:default_local_stdio_options.obj
 0001:000133c0       ___scrt_get_dyn_tls_init_callback 100143c0 f   LIBCMTD:dyn_tls_init.obj
 0001:000133d0       ___scrt_fastfail           100143d0 f   LIBCMTD:utility_desktop.obj
 0001:00013560       ___scrt_get_show_window_mode 10014560 f   LIBCMTD:utility_desktop.obj
 0001:000135b0       ___scrt_initialize_mta     100145b0 f   LIBCMTD:utility_desktop.obj
 0001:000135c0       ___scrt_initialize_winrt   100145c0 f   LIBCMTD:utility_desktop.obj
 0001:000135d0       ___scrt_is_managed_app     100145d0 f   LIBCMTD:utility_desktop.obj
 0001:00013680       ___scrt_set_unhandled_exception_filter 10014680 f   LIBCMTD:utility_desktop.obj
 0001:000136a0       ___scrt_stub_for_initialize_mta 100146a0 f   LIBCMTD:utility_desktop.obj
 0001:000136a0       ___scrt_exe_initialize_mta 100146a0 f   LIBCMTD:utility_desktop.obj
 0001:000136b0       ___scrt_unhandled_exception_filter@4 100146b0 f   LIBCMTD:utility_desktop.obj
 0001:00013730       __crt_debugger_hook        10014730 f   LIBCMTD:utility_desktop.obj
 0001:00013750       __RTC_Initialize           10014750 f   LIBCMTD:initsect.obj
 0001:00013790       __RTC_Terminate            10014790 f   LIBCMTD:initsect.obj
 0001:000137d0       ___isa_available_init      100147d0 f   LIBCMTD:cpu_disp.obj
 0001:00013b60       __get_startup_argv_mode    10014b60 f   LIBCMTD:argv_mode.obj
 0001:00013b70       ___scrt_is_ucrt_dll_in_use 10014b70 f   LIBCMTD:ucrt_detection.obj
 0001:00014130       ?_RTC_GetSrcLine@@YAHPAEPA_WKPAH1K@Z 10015130 f   LIBCMTD:pdblkup.obj
 0001:000145a0       __except_handler4_noexcept 100155a0 f   LIBCMTD:chandler4_noexcept.obj
 0001:00014600       _memcpy                    10015600 f   libvcruntimed:memcpy.obj
 0001:00014ce0       _memmove                   10015ce0 f   libvcruntimed:memmove.obj
 0001:000153c0       ??$?RD@__crt_public_free_policy@@QBEXQBD@Z 100163c0 f i libvcruntimed:std_exception.obj
 0001:000153e0       ??0?$__crt_unique_heap_ptr@DU__crt_public_free_policy@@@@QAE@QAD@Z 100163e0 f i libvcruntimed:std_exception.obj
 0001:00015400       ??1?$__crt_unique_heap_ptr@DU__crt_public_free_policy@@@@QAE@XZ 10016400 f i libvcruntimed:std_exception.obj
 0001:00015420       ??B?$__crt_unique_heap_ptr@DU__crt_public_free_policy@@@@QBE_NXZ 10016420 f i libvcruntimed:std_exception.obj
 0001:00015440       ?detach@?$__crt_unique_heap_ptr@DU__crt_public_free_policy@@@@QAEPADXZ 10016440 f i libvcruntimed:std_exception.obj
 0001:00015470       ?get@?$__crt_unique_heap_ptr@DU__crt_public_free_policy@@@@QBEPADXZ 10016470 f i libvcruntimed:std_exception.obj
 0001:00015490       ?is_valid@?$__crt_unique_heap_ptr@DU__crt_public_free_policy@@@@QBE_NXZ 10016490 f i libvcruntimed:std_exception.obj
 0001:000154d0       ?release@?$__crt_unique_heap_ptr@DU__crt_public_free_policy@@@@QAEXXZ 100164d0 f i libvcruntimed:std_exception.obj
 0001:00015500       ___std_exception_copy      10016500 f   libvcruntimed:std_exception.obj
 0001:00015620       ___std_exception_destroy   10016620 f   libvcruntimed:std_exception.obj
 0001:00015660       __CxxThrowException@8      10016660 f   libvcruntimed:throw.obj
 0001:000157c0       __except_handler4          100167c0 f   libvcruntimed:chandler4.obj
 0001:00015a10       ___vcrt_initialize         10016a10 f   libvcruntimed:initialization.obj
 0001:00015a60       ___vcrt_thread_attach      10016a60 f   libvcruntimed:initialization.obj
 0001:00015a80       ___vcrt_thread_detach      10016a80 f   libvcruntimed:initialization.obj
 0001:00015aa0       ___vcrt_uninitialize       10016aa0 f   libvcruntimed:initialization.obj
 0001:00015ad0       ___vcrt_uninitialize_critical 10016ad0 f   libvcruntimed:initialization.obj
 0001:00015b30       ??$?RD@__crt_internal_free_policy@@QBEXQBD@Z 10016b30 f i libvcruntimed:std_type_info.obj
 0001:00015b60       ??$?RX@__crt_internal_free_policy@@QBEXQBX@Z 10016b60 f i libvcruntimed:std_type_info.obj
 0001:00015b90       ??$__crt_interlocked_compare_exchange_pointer@$$CBDPAD$$T@@YAPBDPDSBDQAD$$T@Z 10016b90 f i libvcruntimed:std_type_info.obj
 0001:00015bb0       ??$__crt_interlocked_read_pointer@$$CBD@@YAPBDPDSBD@Z 10016bb0 f i libvcruntimed:std_type_info.obj
 0001:00015bd0       ??0?$__crt_unique_heap_ptr@DU__crt_internal_free_policy@@@@QAE@QAD@Z 10016bd0 f i libvcruntimed:std_type_info.obj
 0001:00015bf0       ??0?$__crt_unique_heap_ptr@XU__crt_internal_free_policy@@@@QAE@QAX@Z 10016bf0 f i libvcruntimed:std_type_info.obj
 0001:00015c10       ??1?$__crt_unique_heap_ptr@DU__crt_internal_free_policy@@@@QAE@XZ 10016c10 f i libvcruntimed:std_type_info.obj
 0001:00015c30       ??1?$__crt_unique_heap_ptr@XU__crt_internal_free_policy@@@@QAE@XZ 10016c30 f i libvcruntimed:std_type_info.obj
 0001:00015c90       ??B?$__crt_unique_heap_ptr@DU__crt_internal_free_policy@@@@QBE_NXZ 10016c90 f i libvcruntimed:std_type_info.obj
 0001:00015cb0       ??B?$__crt_unique_heap_ptr@XU__crt_internal_free_policy@@@@QBE_NXZ 10016cb0 f i libvcruntimed:std_type_info.obj
 0001:00015d30       ?__crt_interlocked_read_32@@YAHPDH@Z 10016d30 f i libvcruntimed:std_type_info.obj
 0001:00015d50       ?detach@?$__crt_unique_heap_ptr@XU__crt_internal_free_policy@@@@QAEPAXXZ 10016d50 f i libvcruntimed:std_type_info.obj
 0001:00015d80       ?get@?$__crt_unique_heap_ptr@DU__crt_internal_free_policy@@@@QBEPADXZ 10016d80 f i libvcruntimed:std_type_info.obj
 0001:00015da0       ?get@?$__crt_unique_heap_ptr@XU__crt_internal_free_policy@@@@QBEPAXXZ 10016da0 f i libvcruntimed:std_type_info.obj
 0001:00015dc0       ?is_valid@?$__crt_unique_heap_ptr@DU__crt_internal_free_policy@@@@QBE_NXZ 10016dc0 f i libvcruntimed:std_type_info.obj
 0001:00015e00       ?is_valid@?$__crt_unique_heap_ptr@XU__crt_internal_free_policy@@@@QBE_NXZ 10016e00 f i libvcruntimed:std_type_info.obj
 0001:00015e40       ?release@?$__crt_unique_heap_ptr@DU__crt_internal_free_policy@@@@QAEXXZ 10016e40 f i libvcruntimed:std_type_info.obj
 0001:00015e70       ?release@?$__crt_unique_heap_ptr@XU__crt_internal_free_policy@@@@QAEXXZ 10016e70 f i libvcruntimed:std_type_info.obj
 0001:00015ea0       ___std_type_info_compare   10016ea0 f   libvcruntimed:std_type_info.obj
 0001:00015ed0       ___std_type_info_destroy_list 10016ed0 f   libvcruntimed:std_type_info.obj
 0001:00015f20       ___std_type_info_hash      10016f20 f   libvcruntimed:std_type_info.obj
 0001:00015f90       ___std_type_info_name      10016f90 f   libvcruntimed:std_type_info.obj
 0001:000161f0       _memset                    100171f0 f   libvcruntimed:memset.obj
 0001:000163a0       ___vcrt_GetModuleFileNameW 100173a0 f   libvcruntimed:winapi_thunks.obj
 0001:000163c0       ___vcrt_GetModuleHandleW   100173c0 f   libvcruntimed:winapi_thunks.obj
 0001:000163e0       ___vcrt_LoadLibraryExW     100173e0 f   libvcruntimed:winapi_thunks.obj
 0001:00016400       __local_unwind4            10017400 f   libvcruntimed:exsup4.obj
 0001:000164d8       __seh_longjmp_unwind4@4    100174d8 f   libvcruntimed:exsup4.obj
 0001:00016500       @_EH4_CallFilterFunc@8     10017500 f   libvcruntimed:exsup4.obj
 0001:00016518       @_EH4_TransferToHandler@8  10017518 f   libvcruntimed:exsup4.obj
 0001:00016534       @_EH4_GlobalUnwind2@8      10017534 f   libvcruntimed:exsup4.obj
 0001:00016550       @_EH4_LocalUnwind@16       10017550 f   libvcruntimed:exsup4.obj
 0001:000165d0       ___except_validate_context_record 100175d0 f   libvcruntimed:jbcxrval.obj
 0001:00016630       ___except_validate_jump_buffer 10017630 f   libvcruntimed:jbcxrval.obj
 0001:00016650       ___except_validate_jump_buffer_common 10017650 f i libvcruntimed:jbcxrval.obj
 0001:000166c0       ??$?RU__vcrt_ptd@@@__crt_internal_free_policy@@QBEXQBU__vcrt_ptd@@@Z 100176c0 f i libvcruntimed:per_thread_data.obj
 0001:000166f0       ??0?$__crt_unique_heap_ptr@U__vcrt_ptd@@U__crt_internal_free_policy@@@@QAE@QAU__vcrt_ptd@@@Z 100176f0 f i libvcruntimed:per_thread_data.obj
 0001:00016730       ??1?$__crt_unique_heap_ptr@U__vcrt_ptd@@U__crt_internal_free_policy@@@@QAE@XZ 10017730 f i libvcruntimed:per_thread_data.obj
 0001:00016770       ??B?$__crt_unique_heap_ptr@U__vcrt_ptd@@U__crt_internal_free_policy@@@@QBE_NXZ 10017770 f i libvcruntimed:per_thread_data.obj
 0001:00016790       ?detach@?$__crt_unique_heap_ptr@U__vcrt_ptd@@U__crt_internal_free_policy@@@@QAEPAU__vcrt_ptd@@XZ 10017790 f i libvcruntimed:per_thread_data.obj
 0001:000167c0       ?get@?$__crt_unique_heap_ptr@U__vcrt_ptd@@U__crt_internal_free_policy@@@@QBEPAU__vcrt_ptd@@XZ 100177c0 f i libvcruntimed:per_thread_data.obj
 0001:000167e0       ?is_valid@?$__crt_unique_heap_ptr@U__vcrt_ptd@@U__crt_internal_free_policy@@@@QBE_NXZ 100177e0 f i libvcruntimed:per_thread_data.obj
 0001:00016820       ?release@?$__crt_unique_heap_ptr@U__vcrt_ptd@@U__crt_internal_free_policy@@@@QAEXXZ 10017820 f i libvcruntimed:per_thread_data.obj
 0001:00016880       ___vcrt_freefls@4          10017880 f   libvcruntimed:per_thread_data.obj
 0001:000168b0       ___vcrt_freeptd            100178b0 f   libvcruntimed:per_thread_data.obj
 0001:00016920       ___vcrt_getptd             10017920 f   libvcruntimed:per_thread_data.obj
 0001:00016950       ___vcrt_getptd_noexit      10017950 f   libvcruntimed:per_thread_data.obj
 0001:00016b00       ___vcrt_getptd_noinit      10017b00 f   libvcruntimed:per_thread_data.obj
 0001:00016b70       ___vcrt_initialize_ptd     10017b70 f   libvcruntimed:per_thread_data.obj
 0001:00016bd0       ___vcrt_uninitialize_ptd   10017bd0 f   libvcruntimed:per_thread_data.obj
 0001:00016c10       ___vcrt_initialize_locks   10017c10 f   libvcruntimed:locks.obj
 0001:00016c80       ___vcrt_lock               10017c80 f   libvcruntimed:locks.obj
 0001:00016ca0       ___vcrt_uninitialize_locks 10017ca0 f   libvcruntimed:locks.obj
 0001:00016d00       ___vcrt_unlock             10017d00 f   libvcruntimed:locks.obj
 0001:00016d20       ??$?BX@__crt_fast_encoded_nullptr_t@@QBEPAXXZ 10017d20 f i libvcruntimed:winapi_downlevel.obj
 0001:00016d40       ??$__crt_fast_decode_pointer@PAX@@YAPAXQAX@Z 10017d40 f i libvcruntimed:winapi_downlevel.obj
 0001:00016d70       ??$__crt_fast_encode_pointer@PAX@@YAPAXQAX@Z 10017d70 f i libvcruntimed:winapi_downlevel.obj
 0001:00016db0       ??$__crt_interlocked_exchange_pointer@UHINSTANCE__@@PAU1@@@YAPAUHINSTANCE__@@PDSAU0@QAU0@@Z 10017db0 f i libvcruntimed:winapi_downlevel.obj
 0001:00016dc0       ??$__crt_interlocked_exchange_pointer@UHINSTANCE__@@PAX@@YAPAUHINSTANCE__@@PDSAU0@QAX@Z 10017dc0 f i libvcruntimed:winapi_downlevel.obj
 0001:00016dd0       ??$__crt_interlocked_exchange_pointer@XPAX@@YAPAXPDSAXQAX@Z 10017dd0 f i libvcruntimed:winapi_downlevel.obj
 0001:00016de0       ??$__crt_interlocked_read_pointer@UHINSTANCE__@@@@YAPAUHINSTANCE__@@PDSAU0@@Z 10017de0 f i libvcruntimed:winapi_downlevel.obj
 0001:00016e00       ??$__crt_interlocked_read_pointer@X@@YAPAXPDSAX@Z 10017e00 f i libvcruntimed:winapi_downlevel.obj
 0001:00016e20       ?__crt_fast_encode_pointer@@YA?AU__crt_fast_encoded_nullptr_t@@$$T@Z 10017e20 f i libvcruntimed:winapi_downlevel.obj
 0001:00017320       ___vcrt_FlsAlloc           10018320 f   libvcruntimed:winapi_downlevel.obj
 0001:00017370       ___vcrt_FlsFree            10018370 f   libvcruntimed:winapi_downlevel.obj
 0001:000173c0       ___vcrt_FlsGetValue        100183c0 f   libvcruntimed:winapi_downlevel.obj
 0001:00017410       ___vcrt_FlsSetValue        10018410 f   libvcruntimed:winapi_downlevel.obj
 0001:00017470       ___vcrt_InitializeCriticalSectionEx 10018470 f   libvcruntimed:winapi_downlevel.obj
 0001:000174d0       ___vcrt_initialize_winapi_thunks 100184d0 f   libvcruntimed:winapi_downlevel.obj
 0001:00017550       ___vcrt_uninitialize_winapi_thunks 10018550 f   libvcruntimed:winapi_downlevel.obj
 0001:000175e0       ??$?B$$A6AXXZ@__crt_fast_encoded_nullptr_t@@QBEP6AXXZXZ 100185e0 f i libvcruntimed:purevirt_data.obj
 0001:00017600       ??$__crt_fast_encode_pointer@P6AXXZ@@YAP6AXXZQ6AXXZ@Z 10018600 f i libvcruntimed:purevirt_data.obj
 0001:00017640       ___vcrt_initialize_pure_virtual_call_handler 10018640 f   libvcruntimed:purevirt_data.obj
 0001:00017670       ??0Block@_HeapManager@@QAE@XZ 10018670 f i libvcruntimed:undname.obj
 0001:00017690       ??0DName@@QAE@AAPBDD@Z     10018690 f   libvcruntimed:undname.obj
 0001:00017940       ??0DName@@QAE@ABV0@@Z      10018940 f i libvcruntimed:undname.obj
 0001:00017970       ??0DName@@QAE@D@Z          10018970 f   libvcruntimed:undname.obj
 0001:000179c0       ??0DName@@QAE@PAV0@@Z      100189c0 f   libvcruntimed:undname.obj
 0001:00017aa0       ??0DName@@QAE@PBD@Z        10018aa0 f   libvcruntimed:undname.obj
 0001:00017b10       ??0DName@@QAE@W4DNameStatus@@@Z 10018b10 f   libvcruntimed:undname.obj
 0001:00017bd0       ??0DName@@QAE@XZ           10018bd0 f i libvcruntimed:undname.obj
 0001:00017c00       ??0DName@@QAE@_J@Z         10018c00 f   libvcruntimed:undname.obj
 0001:00017d20       ??0DName@@QAE@_K@Z         10018d20 f   libvcruntimed:undname.obj
 0001:00017df0       ??0DNameNode@@IAE@XZ       10018df0 f i libvcruntimed:undname.obj
 0001:00017e10       ??0Replicator@@QAE@XZ      10018e10 f i libvcruntimed:undname.obj
 0001:00017e60       ??0UnDecorator@@QAE@PBDP6APADJ@ZK@Z 10018e60 f i libvcruntimed:undname.obj
 0001:00017f00       ??0charNode@@QAE@D@Z       10018f00 f i libvcruntimed:undname.obj
 0001:00017f40       ??0pDNameNode@@QAE@PAVDName@@@Z 10018f40 f   libvcruntimed:undname.obj
 0001:00017fc0       ??0pairNode@@QAE@PBVDNameNode@@0@Z 10018fc0 f i libvcruntimed:undname.obj
 0001:00018010       ??0pcharNode@@QAE@PBDH@Z   10019010 f   libvcruntimed:undname.obj
 0001:000180f0       ??2@YAPAXIAAV_HeapManager@@H@Z 100190f0 f i libvcruntimed:undname.obj
 0001:00018110       ??4DName@@QAEAAV0@ABV0@@Z  10019110 f   libvcruntimed:undname.obj
 0001:00018140       ??4DName@@QAEAAV0@D@Z      10019140 f i libvcruntimed:undname.obj
 0001:00018190       ??4DName@@QAEAAV0@PAV0@@Z  10019190 f   libvcruntimed:undname.obj
 0001:00018250       ??4DName@@QAEAAV0@PBD@Z    10019250 f   libvcruntimed:undname.obj
 0001:000182a0       ??4DName@@QAEAAV0@W4DNameStatus@@@Z 100192a0 f   libvcruntimed:undname.obj
 0001:00018340       ??AReplicator@@QBE?AVDName@@H@Z 10019340 f   libvcruntimed:undname.obj
 0001:000183c0       ??H@YA?AVDName@@DABV0@@Z   100193c0 f i libvcruntimed:undname.obj
 0001:00018400       ??H@YA?AVDName@@PBDABV0@@Z 10019400 f i libvcruntimed:undname.obj
 0001:00018440       ??H@YA?AVDName@@W4DNameStatus@@ABV0@@Z 10019440 f i libvcruntimed:undname.obj
 0001:00018480       ??HDName@@QBE?AV0@ABV0@@Z  10019480 f   libvcruntimed:undname.obj
 0001:000184d0       ??HDName@@QBE?AV0@D@Z      100194d0 f   libvcruntimed:undname.obj
 0001:00018520       ??HDName@@QBE?AV0@PAV0@@Z  10019520 f   libvcruntimed:undname.obj
 0001:00018570       ??HDName@@QBE?AV0@PBD@Z    10019570 f   libvcruntimed:undname.obj
 0001:000185c0       ??HDName@@QBE?AV0@W4DNameStatus@@@Z 100195c0 f   libvcruntimed:undname.obj
 0001:00018610       ??YDName@@QAEAAV0@ABV0@@Z  10019610 f   libvcruntimed:undname.obj
 0001:000186a0       ??YDName@@QAEAAV0@D@Z      100196a0 f   libvcruntimed:undname.obj
 0001:00018740       ??YDName@@QAEAAV0@PAV0@@Z  10019740 f   libvcruntimed:undname.obj
 0001:00018830       ??YDName@@QAEAAV0@PBD@Z    10019830 f   libvcruntimed:undname.obj
 0001:000188f0       ??YDName@@QAEAAV0@W4DNameStatus@@@Z 100198f0 f   libvcruntimed:undname.obj
 0001:00018970       ??YReplicator@@QAEAAV0@ABVDName@@@Z 10019970 f   libvcruntimed:undname.obj
 0001:00018a20       ??_5DName@@QAEAAV0@ABV0@@Z 10019a20 f   libvcruntimed:undname.obj
 0001:00018a90       ?Constructor@_HeapManager@@QAEXP6APAXI@ZP6AXPAX@Z@Z 10019a90 f i libvcruntimed:undname.obj
 0001:00018ae0       ?Destructor@_HeapManager@@QAEXXZ 10019ae0 f i libvcruntimed:undname.obj
 0001:00018b60       ?UScore@UnDecorator@@SAPBDW4Tokens@@@Z 10019b60 f   libvcruntimed:undname.obj
 0001:00018ba0       ?append@DName@@AAEXPBVDNameNode@@@Z 10019ba0 f   libvcruntimed:undname.obj
 0001:00018c50       ?composeDeclaration@UnDecorator@@CA?AVDName@@ABV2@@Z 10019c50 f i libvcruntimed:undname.obj
 0001:0001b340       ?dbGetString@DName@@QBEPADXZ 1001c340 f   libvcruntimed:undname.obj
 0001:0001b370       ?doAccessSpecifiers@UnDecorator@@SAHXZ 1001c370 f i libvcruntimed:undname.obj
 0001:0001b3a0       ?doAllocationLanguage@UnDecorator@@SAHXZ 1001c3a0 f i libvcruntimed:undname.obj
 0001:0001b3d0       ?doAllocationModel@UnDecorator@@SAHXZ 1001c3d0 f i libvcruntimed:undname.obj
 0001:0001b400       ?doEcsu@UnDecorator@@SAHXZ 1001c400 f i libvcruntimed:undname.obj
 0001:0001b430       ?doEllipsis@UnDecorator@@SAHXZ 1001c430 f i libvcruntimed:undname.obj
 0001:0001b460       ?doFunctionReturns@UnDecorator@@SAHXZ 1001c460 f i libvcruntimed:undname.obj
 0001:0001b490       ?doMSKeywords@UnDecorator@@SAHXZ 1001c490 f i libvcruntimed:undname.obj
 0001:0001b4c0       ?doMemberTypes@UnDecorator@@SAHXZ 1001c4c0 f i libvcruntimed:undname.obj
 0001:0001b4f0       ?doNameOnly@UnDecorator@@SAHXZ 1001c4f0 f i libvcruntimed:undname.obj
 0001:0001b510       ?doNoIdentCharCheck@UnDecorator@@SAHXZ 1001c510 f i libvcruntimed:undname.obj
 0001:0001b530       ?doPchar@DName@@AAEXPBDH@Z 1001c530 f   libvcruntimed:undname.obj
 0001:0001b6c0       ?doPtr64@UnDecorator@@SAHXZ 1001c6c0 f i libvcruntimed:undname.obj
 0001:0001b6f0       ?doRestrictionSpec@UnDecorator@@SAHXZ 1001c6f0 f i libvcruntimed:undname.obj
 0001:0001b720       ?doThisTypes@UnDecorator@@SAHXZ 1001c720 f i libvcruntimed:undname.obj
 0001:0001b760       ?doThrowTypes@UnDecorator@@SAHXZ 1001c760 f i libvcruntimed:undname.obj
 0001:0001b790       ?doTypeOnly@UnDecorator@@SAHXZ 1001c790 f i libvcruntimed:undname.obj
 0001:0001b7b0       ?doUnderScore@UnDecorator@@SAHXZ 1001c7b0 f i libvcruntimed:undname.obj
 0001:0001b7e0       ?getArgumentList@UnDecorator@@CA?AVDName@@XZ 1001c7e0 f   libvcruntimed:undname.obj
 0001:0001b980       ?getArgumentTypes@UnDecorator@@CA?AVDName@@XZ 1001c980 f   libvcruntimed:undname.obj
 0001:0001bb20       ?getArrayType@UnDecorator@@CA?AVDName@@ABV2@@Z 1001cb20 f i libvcruntimed:undname.obj
 0001:0001be40       ?getBasedType@UnDecorator@@CA?AVDName@@XZ 1001ce40 f   libvcruntimed:undname.obj
 0001:0001bf40       ?getBasicDataType@UnDecorator@@CA?AVDName@@ABV2@@Z 1001cf40 f   libvcruntimed:undname.obj
 0001:0001c6e0       ?getCHPEName@UnDecorator@@QAEPADPADH@Z 1001d6e0 f i libvcruntimed:undname.obj
 0001:0001c8a0       ?getCallIndex@UnDecorator@@CA?AVDName@@XZ 1001d8a0 f i libvcruntimed:undname.obj
 0001:0001c8c0       ?getCallingConvention@UnDecorator@@CA?AVDName@@XZ 1001d8c0 f   libvcruntimed:undname.obj
 0001:0001cb60       ?getDataIndirectType@UnDecorator@@CA?AVDName@@ABV2@PBD0H@Z 1001db60 f   libvcruntimed:undname.obj
 0001:0001d6a0       ?getDataIndirectType@UnDecorator@@CA?AVDName@@XZ 1001e6a0 f i libvcruntimed:undname.obj
 0001:0001d6f0       ?getDataType@UnDecorator@@CA?AVDName@@PAV2@@Z 1001e6f0 f   libvcruntimed:undname.obj
 0001:0001d860       ?getDecoratedName@UnDecorator@@CA?AVDName@@XZ 1001e860 f   libvcruntimed:undname.obj
 0001:0001dd90       ?getDimension@UnDecorator@@CA?AVDName@@_N@Z 1001ed90 f   libvcruntimed:undname.obj
 0001:0001e0f0       ?getDispatchTarget@UnDecorator@@CA?AVDName@@XZ 1001f0f0 f   libvcruntimed:undname.obj
 0001:0001e1c0       ?getDisplacement@UnDecorator@@CA?AVDName@@XZ 1001f1c0 f i libvcruntimed:undname.obj
 0001:0001e1e0       ?getECSUDataType@UnDecorator@@CA?AVDName@@XZ 1001f1e0 f   libvcruntimed:undname.obj
 0001:0001e430       ?getECSUName@UnDecorator@@CA?AVDName@@XZ 1001f430 f i libvcruntimed:undname.obj
 0001:0001e450       ?getEnumType@UnDecorator@@CA?AVDName@@XZ 1001f450 f i libvcruntimed:undname.obj
 0001:0001e5f0       ?getExtendedDataIndirectType@UnDecorator@@CA?AVDName@@AAPBDAA_NH@Z 1001f5f0 f   libvcruntimed:undname.obj
 0001:0001e8e0       ?getExternalDataType@UnDecorator@@CA?AVDName@@ABV2@@Z 1001f8e0 f i libvcruntimed:undname.obj
 0001:0001e9b0       ?getFunctionIndirectType@UnDecorator@@CA?AVDName@@ABV2@@Z 1001f9b0 f   libvcruntimed:undname.obj
 0001:0001f050       ?getGuardNumber@UnDecorator@@CA?AVDName@@XZ 10020050 f i libvcruntimed:undname.obj
 0001:0001f070       ?getLastChar@DName@@QBEDXZ 10020070 f i libvcruntimed:undname.obj
 0001:0001f0c0       ?getLastChar@DNameStatusNode@@UBEDXZ 100200c0 f i libvcruntimed:undname.obj
 0001:0001f100       ?getLastChar@charNode@@UBEDXZ 10020100 f i libvcruntimed:undname.obj
 0001:0001f120       ?getLastChar@pDNameNode@@UBEDXZ 10020120 f i libvcruntimed:undname.obj
 0001:0001f160       ?getLastChar@pairNode@@UBEDXZ 10020160 f i libvcruntimed:undname.obj
 0001:0001f1e0       ?getLastChar@pcharNode@@UBEDXZ 100201e0 f i libvcruntimed:undname.obj
 0001:0001f220       ?getLexicalFrame@UnDecorator@@CA?AVDName@@XZ 10020220 f i libvcruntimed:undname.obj
 0001:0001f270       ?getMemory@_HeapManager@@QAEPAXIH@Z 10020270 f   libvcruntimed:undname.obj
 0001:0001f3e0       ?getNoexcept@UnDecorator@@CA?AVDName@@XZ 100203e0 f   libvcruntimed:undname.obj
 0001:0001f460       ?getNumberOfDimensions@UnDecorator@@CAHXZ 10020460 f   libvcruntimed:undname.obj
 0001:0001f5a0       ?getOperatorName@UnDecorator@@CA?AVDName@@_NPA_N@Z 100205a0 f i libvcruntimed:undname.obj
 0001:00020350       ?getPointerType@UnDecorator@@CA?AVDName@@ABV2@0@Z 10021350 f i libvcruntimed:undname.obj
 0001:00020390       ?getPointerTypeArray@UnDecorator@@CA?AVDName@@ABV2@0@Z 10021390 f i libvcruntimed:undname.obj
 0001:000203d0       ?getPrimaryDataType@UnDecorator@@CA?AVDName@@ABV2@@Z 100213d0 f   libvcruntimed:undname.obj
 0001:000208c0       ?getPtrRefDataType@UnDecorator@@CA?AVDName@@ABV2@H@Z 100218c0 f   libvcruntimed:undname.obj
 0001:00020b80       ?getPtrRefType@UnDecorator@@CA?AVDName@@ABV2@0PBD@Z 10021b80 f   libvcruntimed:undname.obj
 0001:00020d50       ?getReferenceType@UnDecorator@@CA?AVDName@@ABV2@0PBD@Z 10021d50 f i libvcruntimed:undname.obj
 0001:00020d80       ?getRestrictionSpec@UnDecorator@@CA?AVDName@@XZ 10021d80 f   libvcruntimed:undname.obj
 0001:00020f50       ?getReturnType@UnDecorator@@CA?AVDName@@PAV2@@Z 10021f50 f   libvcruntimed:undname.obj
 0001:00020fb0       ?getScope@UnDecorator@@CA?AVDName@@XZ 10021fb0 f   libvcruntimed:undname.obj
 0001:000216b0       ?getScopedName@UnDecorator@@CA?AVDName@@XZ 100226b0 f   libvcruntimed:undname.obj
 0001:00021840       ?getSignedDimension@UnDecorator@@CA?AVDName@@XZ 10022840 f   libvcruntimed:undname.obj
 0001:000218e0       ?getStorageConvention@UnDecorator@@CA?AVDName@@XZ 100228e0 f i libvcruntimed:undname.obj
 0001:00021900       ?getString@DName@@QBEPADPAD0@Z 10022900 f i libvcruntimed:undname.obj
 0001:00021970       ?getString@DName@@QBEPADPADH@Z 10022970 f i libvcruntimed:undname.obj
 0001:00021a20       ?getString@DNameStatusNode@@UBEPADPAD0@Z 10022a20 f i libvcruntimed:undname.obj
 0001:00021a60       ?getString@charNode@@UBEPADPAD0@Z 10022a60 f i libvcruntimed:undname.obj
 0001:00021aa0       ?getString@pDNameNode@@UBEPADPAD0@Z 10022aa0 f i libvcruntimed:undname.obj
 0001:00021af0       ?getString@pairNode@@UBEPADPAD0@Z 10022af0 f i libvcruntimed:undname.obj
 0001:00021ba0       ?getString@pcharNode@@UBEPADPAD0@Z 10022ba0 f i libvcruntimed:undname.obj
 0001:00021be0       ?getStringEncoding@UnDecorator@@CA?AVDName@@PBDH@Z 10022be0 f   libvcruntimed:undname.obj
 0001:00021d30       ?getStringHelper@@YAPADPADPBD1H@Z 10022d30 f i libvcruntimed:undname.obj
 0001:00021d80       ?getSymbolName@UnDecorator@@CA?AVDName@@XZ 10022d80 f i libvcruntimed:undname.obj
 0001:00021e30       ?getTemplateArgumentList@UnDecorator@@CA?AVDName@@XZ 10022e30 f   libvcruntimed:undname.obj
 0001:00022350       ?getTemplateConstant@UnDecorator@@CA?AVDName@@XZ 10023350 f   libvcruntimed:undname.obj
 0001:00022b00       ?getTemplateName@UnDecorator@@CA?AVDName@@_N@Z 10023b00 f   libvcruntimed:undname.obj
 0001:00022d50       ?getThisType@UnDecorator@@CA?AVDName@@XZ 10023d50 f i libvcruntimed:undname.obj
 0001:00022da0       ?getThrowTypes@UnDecorator@@CA?AVDName@@XZ 10023da0 f   libvcruntimed:undname.obj
 0001:00022df0       ?getTypeEncoding@UnDecorator@@CAHXZ 10023df0 f i libvcruntimed:undname.obj
 0001:00023b20       ?getUndecoratedName@UnDecorator@@QAEPADPADH@Z 10024b20 f i libvcruntimed:undname.obj
 0001:00023cc0       ?getVCallThunkType@UnDecorator@@CA?AVDName@@XZ 10024cc0 f i libvcruntimed:undname.obj
 0001:00023d40       ?getVbTableType@UnDecorator@@CA?AVDName@@ABV2@@Z 10024d40 f i libvcruntimed:undname.obj
 0001:00023d60       ?getVdispMapType@UnDecorator@@CA?AVDName@@ABV2@@Z 10024d60 f i libvcruntimed:undname.obj
 0001:00023df0       ?getVfTableType@UnDecorator@@CA?AVDName@@ABV2@@Z 10024df0 f i libvcruntimed:undname.obj
 0001:00024050       ?getZName@UnDecorator@@CA?AVDName@@_N0@Z 10025050 f   libvcruntimed:undname.obj
 0001:00024410       ?haveTemplateParameters@UnDecorator@@SAHXZ 10025410 f i libvcruntimed:undname.obj
 0001:00024430       ?isArray@DName@@QBEHXZ     10025430 f i libvcruntimed:undname.obj
 0001:00024450       ?isComArray@DName@@QBEHXZ  10025450 f i libvcruntimed:undname.obj
 0001:00024470       ?isEmpty@DName@@QBEHXZ     10025470 f i libvcruntimed:undname.obj
 0001:000244b0       ?isFull@Replicator@@QBEHXZ 100254b0 f i libvcruntimed:undname.obj
 0001:000244f0       ?isNoTE@DName@@QBEHXZ      100254f0 f i libvcruntimed:undname.obj
 0001:00024510       ?isPinPtr@DName@@QBEHXZ    10025510 f i libvcruntimed:undname.obj
 0001:00024530       ?isPtrRef@DName@@QBEHXZ    10025530 f i libvcruntimed:undname.obj
 0001:00024550       ?isUDC@DName@@QBEHXZ       10025550 f i libvcruntimed:undname.obj
 0001:000245a0       ?isUDTThunk@DName@@QBEHXZ  100255a0 f i libvcruntimed:undname.obj
 0001:000245f0       ?isVCallThunk@DName@@QBEHXZ 100255f0 f i libvcruntimed:undname.obj
 0001:00024610       ?isValid@DName@@QBEHXZ     10025610 f i libvcruntimed:undname.obj
 0001:00024650       ?length@DName@@QBEHXZ      10025650 f i libvcruntimed:undname.obj
 0001:000246a0       ?length@DNameStatusNode@@UBEHXZ 100256a0 f i libvcruntimed:undname.obj
 0001:000246c0       ?length@charNode@@UBEHXZ   100256c0 f i libvcruntimed:undname.obj
 0001:000246e0       ?length@pDNameNode@@UBEHXZ 100256e0 f i libvcruntimed:undname.obj
 0001:00024720       ?length@pairNode@@UBEHXZ   10025720 f i libvcruntimed:undname.obj
 0001:000247b0       ?length@pcharNode@@UBEHXZ  100257b0 f i libvcruntimed:undname.obj
 0001:000247d0       ?make@DNameStatusNode@@SAPBV1@W4DNameStatus@@@Z 100257d0 f i libvcruntimed:undname.obj
 0001:00024810       ?parseDecoratedName@UnDecorator@@CA?AVDName@@XZ 10025810 f   libvcruntimed:undname.obj
 0001:00024a00       ?setIsArray@DName@@QAEXXZ  10025a00 f i libvcruntimed:undname.obj
 0001:00024a30       ?setIsComArray@DName@@QAEXXZ 10025a30 f i libvcruntimed:undname.obj
 0001:00024a60       ?setIsNoTE@DName@@QAEXXZ   10025a60 f i libvcruntimed:undname.obj
 0001:00024a90       ?setIsPinPtr@DName@@QAEXXZ 10025a90 f i libvcruntimed:undname.obj
 0001:00024ac0       ?setIsUDC@DName@@QAEXXZ    10025ac0 f i libvcruntimed:undname.obj
 0001:00024b00       ?setIsVCallThunk@DName@@QAEXXZ 10025b00 f i libvcruntimed:undname.obj
 0001:00024b30       ?setPtrRef@DName@@QAEAAV1@XZ 10025b30 f i libvcruntimed:undname.obj
 0001:00024b60       ?status@DName@@QBE?AW4DNameStatus@@XZ 10025b60 f i libvcruntimed:undname.obj
 0001:00024c80       ___unDName                 10025c80 f   libvcruntimed:undname.obj
 0001:00024cc0       ___unDNameEx               10025cc0 f   libvcruntimed:undname.obj
 0001:00024dc0       _unDNameGenerateCHPE       10025dc0 f   libvcruntimed:undname.obj
 0001:00024e40       __global_unwind2           10025e40 f   libvcruntimed:exsup.obj
 0001:00024ea6       __local_unwind2            10025ea6 f   libvcruntimed:exsup.obj
 0001:00024f2a       __abnormal_termination     10025f2a f   libvcruntimed:exsup.obj
 0001:00024f50       __NLG_Notify1              10025f50 f   libvcruntimed:exsup.obj
 0001:00024f5c       __NLG_Notify               10025f5c f   libvcruntimed:exsup.obj
 0001:00024f73       __NLG_Dispatch2            10025f73     libvcruntimed:exsup.obj
 0001:00024f73       __NLG_Dispatch             10025f73     libvcruntimed:exsup.obj
 0001:00024f7b       __NLG_Call                 10025f7b f   libvcruntimed:exsup.obj
 0001:00024f7d       __NLG_Return2              10025f7d     libvcruntimed:exsup.obj
 0001:00024fd0       ??$__crt_fast_decode_pointer@P6AXXZ@@YAP6AXXZQ6AXXZ@Z 10025fd0 f i libvcruntimed:purevirt.obj
 0001:00025000       ??$__crt_interlocked_exchange_pointer@$$A6AXXZP6AXXZ@@YAP6AXXZPDS6AXXZQ6AXXZ@Z 10026000 f i libvcruntimed:purevirt.obj
 0001:00025010       ??$__crt_interlocked_read_pointer@$$A6AXXZ@@YAP6AXXZPDS6AXXZ@Z 10026010 f i libvcruntimed:purevirt.obj
 0001:00025030       __get_purecall_handler     10026030 f   libvcruntimed:purevirt.obj
 0001:00025060       __purecall                 10026060 f   libvcruntimed:purevirt.obj
 0001:000250a0       __set_purecall_handler     100260a0 f   libvcruntimed:purevirt.obj
 0001:000250e0       ??$?0AAViterator@TryBlockMap@__FrameHandler3@@AAV012@$0A@@?$pair@Viterator@TryBlockMap@__FrameHandler3@@V123@@std@@QAE@AAViterator@TryBlockMap@__FrameHandler3@@0@Z 100260e0 f i libvcruntimed:trnsctrl.obj
 0001:00025140       ??$forward@AAViterator@TryBlockMap@__FrameHandler3@@@std@@YAAAViterator@TryBlockMap@__FrameHandler3@@AAV123@@Z 10026140 f i libvcruntimed:trnsctrl.obj
 0001:00025150       ??0iterator@TryBlockMap@__FrameHandler3@@QAE@AAV12@I@Z 10026150 f i libvcruntimed:trnsctrl.obj
 0001:00025180       ?GetRangeOfTrysToCheck@__FrameHandler3@@SA?AU?$pair@Viterator@TryBlockMap@__FrameHandler3@@V123@@std@@AAVTryBlockMap@1@HH@Z 10026180 f   libvcruntimed:trnsctrl.obj
 0001:000252b0       ?_CallCatchBlock2@@YAPAXPAUEHRegistrationNode@@PBU_s_FuncInfo@@PAXHK@Z 100262b0 f   libvcruntimed:trnsctrl.obj
 0001:00025340       ?_CallSETranslator@@YAHPAUEHExceptionRecord@@PAUEHRegistrationNode@@PAX2PBU_s_FuncInfo@@H1@Z 10026340 f   libvcruntimed:trnsctrl.obj
 0001:00025470       ?_JumpToContinuation@@YGXPAXPAUEHRegistrationNode@@@Z 10026470 f   libvcruntimed:trnsctrl.obj
 0001:000254b0       ?_UnwindNestedFrames@@YGXPAUEHRegistrationNode@@PAUEHExceptionRecord@@@Z 100264b0 f   libvcruntimed:trnsctrl.obj
 0001:00025520       ?getFuncInfo@TryBlockMap@__FrameHandler3@@QAEPBU_s_FuncInfo@@XZ 10026520 f i libvcruntimed:trnsctrl.obj
 0001:00025540       __CatchGuardHandler        10026540 f   libvcruntimed:trnsctrl.obj
 0001:000255a0       __CreateFrameInfo          100265a0 f   libvcruntimed:trnsctrl.obj
 0001:000255e0       __FindAndUnlinkFrame       100265e0 f   libvcruntimed:trnsctrl.obj
 0001:00025670       __TranslatorGuardHandler   10026670 f   libvcruntimed:trnsctrl.obj
 0001:00025750       ___CxxFrameHandler         10026750 f   libvcruntimed:trnsctrl.obj
 0001:000257a0       ___CxxFrameHandler2        100267a0 f   libvcruntimed:trnsctrl.obj
 0001:000257f0       ___CxxFrameHandler3        100267f0 f   libvcruntimed:trnsctrl.obj
 0001:00025840       ___CxxLongjmpUnwind@4      10026840 f   libvcruntimed:trnsctrl.obj
 0001:00026730       ??$TypeMatchHelper@$$CBU_s_HandlerType@@@@YAHPBU_s_HandlerType@@PBU_s_CatchableType@@PBU_s_ThrowInfo@@@Z 10027730 f i libvcruntimed:frame.obj
 0001:00026840       ??$__InternalCxxFrameHandler@V__FrameHandler3@@@@YA?AW4_EXCEPTION_DISPOSITION@@PAUEHExceptionRecord@@PAUEHRegistrationNode@@PAU_CONTEXT@@PAXPBU_s_FuncInfo@@H1E@Z 10027840 f i libvcruntimed:frame.obj
 0001:00026a90       ??0HandlerMap@__FrameHandler3@@QAE@PBU_s_TryBlockMapEntry@@PAX@Z 10027a90 f i libvcruntimed:frame.obj
 0001:00026ac0       ??0TryBlockMap@__FrameHandler3@@QAE@PBU_s_FuncInfo@@PAX@Z 10027ac0 f i libvcruntimed:frame.obj
 0001:00026af0       ??0bad_exception@std@@QAE@ABV01@@Z 10027af0 f i libvcruntimed:frame.obj
 0001:00026b20       ??0bad_exception@std@@QAE@XZ 10027b20 f i libvcruntimed:frame.obj
 0001:00026b50       ??0iterator@HandlerMap@__FrameHandler3@@QAE@AAV12@I@Z 10027b50 f i libvcruntimed:frame.obj
 0001:00026b80       ??1bad_exception@std@@UAE@XZ 10027b80 f i libvcruntimed:frame.obj
 0001:00026ba0       ??8iterator@HandlerMap@__FrameHandler3@@QBE_NABV012@@Z 10027ba0 f i libvcruntimed:frame.obj
 0001:00026be0       ??8type_info@@QBE_NABV0@@Z 10027be0 f i libvcruntimed:frame.obj
 0001:00026c30       ??9iterator@HandlerMap@__FrameHandler3@@QBE_NABV012@@Z 10027c30 f i libvcruntimed:frame.obj
 0001:00026c80       ??Diterator@HandlerMap@__FrameHandler3@@QAEPBU_s_HandlerType@@XZ 10027c80 f i libvcruntimed:frame.obj
 0001:00026cb0       ??Diterator@TryBlockMap@__FrameHandler3@@QAEPBU_s_TryBlockMapEntry@@XZ 10027cb0 f i libvcruntimed:frame.obj
 0001:00026ce0       ??Eiterator@HandlerMap@__FrameHandler3@@QAEAAV012@XZ 10027ce0 f i libvcruntimed:frame.obj
 0001:00026d10       ??Eiterator@TryBlockMap@__FrameHandler3@@QAEAAV012@XZ 10027d10 f i libvcruntimed:frame.obj
 0001:00026d40       ??Miterator@TryBlockMap@__FrameHandler3@@QBE_NABV012@@Z 10027d40 f i libvcruntimed:frame.obj
 0001:00026d80       ??_Ebad_exception@std@@UAEPAXI@Z 10027d80 f i libvcruntimed:frame.obj
 0001:00026d80       ??_Gbad_exception@std@@UAEPAXI@Z 10027d80 f i libvcruntimed:frame.obj
 0001:00026dc0       ?BuildCatchObject@__FrameHandler3@@SAXPAUEHExceptionRecord@@PAXPBU_s_HandlerType@@PBU_s_CatchableType@@@Z 10027dc0 f   libvcruntimed:frame.obj
 0001:00026df0       ?BuildCatchObjectHelper@__FrameHandler3@@SAHPAUEHExceptionRecord@@PAXPBU_s_HandlerType@@PBU_s_CatchableType@@@Z 10027df0 f   libvcruntimed:frame.obj
 0001:00027270       ?FrameUnwindToEmptyState@__FrameHandler3@@SAXPAUEHRegistrationNode@@PAXPBU_s_FuncInfo@@@Z 10028270 f   libvcruntimed:frame.obj
 0001:000272a0       ?FrameUnwindToState@__FrameHandler3@@SAXPAUEHRegistrationNode@@PAXPBU_s_FuncInfo@@H@Z 100282a0 f   libvcruntimed:frame.obj
 0001:00027480       ?GetMaxState@__FrameHandler3@@SAHPAXPBU_s_FuncInfo@@@Z 10028480 f i libvcruntimed:frame.obj
 0001:000275e0       ?TypeMatch@__FrameHandler3@@SAHPBU_s_HandlerType@@PBU_s_CatchableType@@PBU_s_ThrowInfo@@@Z 100285e0 f   libvcruntimed:frame.obj
 0001:00027600       ?_CallMemberFunction1@@YGXQAX00@Z 10028600 f i libvcruntimed:frame.obj
 0001:00027620       ?_CallMemberFunction2@@YGXQAX00H@Z 10028620 f i libvcruntimed:frame.obj
 0001:00027650       ?_ValidateExecute@@YA_NP6GHXZ@Z 10028650 f i libvcruntimed:frame.obj
 0001:00027670       ?_ValidateRead@@YA_NPBXI@Z 10028670 f i libvcruntimed:frame.obj
 0001:00027690       ?_ValidateWrite@@YA_NPAXI@Z 10028690 f i libvcruntimed:frame.obj
 0001:000276b0       ?begin@HandlerMap@__FrameHandler3@@QAE?AViterator@12@XZ 100286b0 f i libvcruntimed:frame.obj
 0001:000276e0       ?end@HandlerMap@__FrameHandler3@@QAE?AViterator@12@XZ 100286e0 f i libvcruntimed:frame.obj
 0001:00027710       ?getESTypes@__FrameHandler3@@SAPBU_s_ESTypeList@@PBU_s_FuncInfo@@@Z 10028710 f i libvcruntimed:frame.obj
 0001:00027720       ?getLastEntry@HandlerMap@__FrameHandler3@@QAEPBU_s_HandlerType@@XZ 10028720 f i libvcruntimed:frame.obj
 0001:00027750       ?getMagicNum@__FrameHandler3@@SAIPBU_s_FuncInfo@@@Z 10028750 f i libvcruntimed:frame.obj
 0001:00027770       ?getNumTryBlocks@TryBlockMap@__FrameHandler3@@QAEIXZ 10028770 f i libvcruntimed:frame.obj
 0001:00027790       ?isEHs@__FrameHandler3@@SA_NPBU_s_FuncInfo@@@Z 10028790 f i libvcruntimed:frame.obj
 0001:000277c0       ?isNoExcept@__FrameHandler3@@SA_NPBU_s_FuncInfo@@@Z 100287c0 f i libvcruntimed:frame.obj
 0001:000277f0       ___BuildCatchObject        100287f0 f   libvcruntimed:frame.obj
 0001:00027820       ___BuildCatchObjectHelper  10028820 f   libvcruntimed:frame.obj
 0001:00027850       ___TypeMatch               10028850 f   libvcruntimed:frame.obj
 0001:00027870       ___vcrt_EncodePointer      10028870 f i libvcruntimed:frame.obj
 0001:00027890       __CallSettingFrame@12      10028890 f   libvcruntimed:lowhelpr.obj
 0001:000278b7       __NLG_Return               100288b7     libvcruntimed:lowhelpr.obj
 0001:00027920       __get_unexpected           10028920 f   libvcruntimed:unexpected.obj
 0001:00027940       _set_unexpected            10028940 f   libvcruntimed:unexpected.obj
 0001:00027980       _unexpected                10028980 f   libvcruntimed:unexpected.obj
 0001:000279c0       ?GetCurrentState@__FrameHandler3@@SAHPAUEHRegistrationNode@@PAXPBU_s_FuncInfo@@@Z 100289c0 f   libvcruntimed:ehstate.obj
[...]
 0002:000252b0       __sehtable$??$?RV<lambda_a7e850c220f1c8d1e6efeecdedd162c6>@@AAV<lambda_46720907175c18b6c9d2717bc0d2d362>@@V<lambda_9048902d66e8d99359bc9897bbb930a8>@@@?$__crt_seh_guarded_call@X@@QAEX$$QAV<lambda_a7e850c220f1c8d1e6efeecdedd162c6>@@AAV<lambda_46720907175c18b6c9d2717bc0d2d362>@@$$QAV<lambda_9048902d66e8d99359bc9897bbb930a8>@@@Z 100d22b0     libucrtd:per_thread_data.obj
 0002:000252d0       __sehtable$??$?RV<lambda_eb0e2b1d104b126d27395a74edba6f03>@@AAV<lambda_d51eb34c9f7d53dbc39f6b791b6a3e42>@@V<lambda_f7564ebddb1f0eaf818ab6f3eade8363>@@@?$__crt_seh_guarded_call@X@@QAEX$$QAV<lambda_eb0e2b1d104b126d27395a74edba6f03>@@AAV<lambda_d51eb34c9f7d53dbc39f6b791b6a3e42>@@$$QAV<lambda_f7564ebddb1f0eaf818ab6f3eade8363>@@@Z 100d22d0     libucrtd:per_thread_data.obj
 0002:000252f0       __sehtable$??$?RV<lambda_6affb1475c98b40b75cdec977db92e3c>@@AAV<lambda_b8d4b9c228a6ecc3f80208dbb4b4a104>@@V<lambda_608742c3c92a14382c1684fc64f96c88>@@@?$__crt_seh_guarded_call@X@@QAEX$$QAV<lambda_6affb1475c98b40b75cdec977db92e3c>@@AAV<lambda_b8d4b9c228a6ecc3f80208dbb4b4a104>@@$$QAV<lambda_608742c3c92a14382c1684fc64f96c88>@@@Z 100d22f0     libucrtd:per_thread_data.obj
 0002:00025310       __sehtable$__VCrtDbgReportA 100d2310     libucrtd:dbgrptt.obj
 0002:00025340       __sehtable$__VCrtDbgReportW 100d2340     libucrtd:dbgrptt.obj
 0002:0002536c       __ehfuncinfo$??1?$__crt_win32_buffer@DU__crt_win32_buffer_no_resizing@@@@QAE@XZ 100d236c     libucrtd:getmodulefilenamea.obj
 0002:00025398       __sehtable$_signal         100d2398     libucrtd:signal.obj
 0002:000253b8       __sehtable$_raise          100d23b8     libucrtd:signal.obj
 0002:000253d8       __sehtable$?ctrlevent_capture@@YGHK@Z 100d23d8     libucrtd:signal.obj
 0002:000253f8       __sehtable$??$?RV<lambda_cbab9ec6f41b0180b23cc171c22676b0>@@AAV<lambda_44731a7d0e6d81c3e6aa82d741081786>@@V<lambda_4b292cb8dd18144e164572427af410ab>@@@?$__crt_seh_guarded_call@P6AXH@Z@@QAEP6AXH@Z$$QAV<lambda_cbab9ec6f41b0180b23cc171c22676b0>@@AAV<lambda_44731a7d0e6d81c3e6aa82d741081786>@@$$QAV<lambda_4b292cb8dd18144e164572427af410ab>@@@Z 100d23f8     libucrtd:signal.obj
 0002:00025418       __sehtable$__free_locale   100d2418     libucrtd:wsetlocale.obj
 0002:00025448       __sehtable$??$?RV<lambda_e5124f882df8998aaf41531e079ba474>@@AAV<lambda_3e16ef9562a7dcce91392c22ab16ea36>@@V<lambda_e25ca0880e6ef98be67edffd8c599615>@@@?$__crt_seh_guarded_call@X@@QAEX$$QAV<lambda_e5124f882df8998aaf41531e079ba474>@@AAV<lambda_3e16ef9562a7dcce91392c22ab16ea36>@@$$QAV<lambda_e25ca0880e6ef98be67edffd8c599615>@@@Z 100d2448     libucrtd:wsetlocale.obj
 0002:00025468       __sehtable$??$?RV<lambda_82aef432098b982f9ede325b418aa67a>@@AAV<lambda_862e9a3f04921db6ca1ce3faa2bf3edf>@@V<lambda_ffabc152e504b53d7492b9889b10c020>@@@?$__crt_seh_guarded_call@X@@QAEX$$QAV<lambda_82aef432098b982f9ede325b418aa67a>@@AAV<lambda_862e9a3f04921db6ca1ce3faa2bf3edf>@@$$QAV<lambda_ffabc152e504b53d7492b9889b10c020>@@@Z 100d2468     libucrtd:wsetlocale.obj
 0002:00025488       __sehtable$??$?RV<lambda_6673f7c4c09a5d469d0c27ae364621ce>@@AAV<lambda_ebab98244f73a74f49db879bf13fa982>@@V<lambda_be20789b7a146653eab82509ec35b419>@@@?$__crt_seh_guarded_call@X@@QAEX$$QAV<lambda_6673f7c4c09a5d469d0c27ae364621ce>@@AAV<lambda_ebab98244f73a74f49db879bf13fa982>@@$$QAV<lambda_be20789b7a146653eab82509ec35b419>@@@Z 100d2488     libucrtd:wsetlocale.obj
 0002:000254a8       __sehtable$??$?RV<lambda_b545cbda8c485e810b7370d302352e4d>@@AAV<lambda_94160f38b0d8062071ee1c24a2e06f16>@@V<lambda_d9cd10c6490e08215aac19302365fb86>@@@?$__crt_seh_guarded_call@X@@QAEX$$QAV<lambda_b545cbda8c485e810b7370d302352e4d>@@AAV<lambda_94160f38b0d8062071ee1c24a2e06f16>@@$$QAV<lambda_d9cd10c6490e08215aac19302365fb86>@@@Z 100d24a8     libucrtd:wsetlocale.obj
 0002:000254c8       __sehtable$??$?RV<lambda_9999445f1d1b38a0f8f29d4373f335ea>@@AAV<lambda_5f1c740618ad432f4524ad6cff55e1c4>@@AAV<lambda_8dff2cf36a5417162780cd64fa2883ef>@@@?$__crt_seh_guarded_call@X@@QAEX$$QAV<lambda_9999445f1d1b38a0f8f29d4373f335ea>@@AAV<lambda_5f1c740618ad432f4524ad6cff55e1c4>@@AAV<lambda_8dff2cf36a5417162780cd64fa2883ef>@@@Z 100d24c8     libucrtd:wsetlocale.obj
 0002:000254e8       __sehtable$??$?RV<lambda_93797fb4802c957ba6a7f08e1250235b>@@AAV<lambda_1f3ce6bd48e0aa2e72a71c02eee379d3>@@V<lambda_56cae30c9364c9b6c15aeaac05d0418e>@@@?$__crt_seh_guarded_call@H@@QAEH$$QAV<lambda_93797fb4802c957ba6a7f08e1250235b>@@AAV<lambda_1f3ce6bd48e0aa2e72a71c02eee379d3>@@$$QAV<lambda_56cae30c9364c9b6c15aeaac05d0418e>@@@Z 100d24e8     libucrtd:winapi_thunks.obj
 0002:00025508       __ehfuncinfo$??1?$__crt_win32_buffer@_WU__crt_win32_buffer_internal_dynamic_resizing@@@@QAE@XZ 100d2508     libucrtd:argv_wildcards.obj
 0002:00025530       __ehfuncinfo$??1?$__crt_win32_buffer@DU__crt_win32_buffer_internal_dynamic_resizing@@@@QAE@XZ 100d2530     libucrtd:argv_wildcards.obj
 0002:00025558       __sehtable$?update_thread_multibyte_data_internal@@YAPAU__crt_multibyte_data@@QAU__acrt_ptd@@QAPAU1@@Z 100d2558     libucrtd:mbctype.obj
 0002:00025578       __sehtable$??$?RV<lambda_b5fb591949065c3fa449bad279e8c939>@@AAV<lambda_6c10a39a819b864ce80acc26b314dcd3>@@V<lambda_e567670a9eae49807d365f3e9c117712>@@@?$__crt_seh_guarded_call@X@@QAEX$$QAV<lambda_b5fb591949065c3fa449bad279e8c939>@@AAV<lambda_6c10a39a819b864ce80acc26b314dcd3>@@$$QAV<lambda_e567670a9eae49807d365f3e9c117712>@@@Z 100d2578     libucrtd:mbctype.obj
 0002:00025598       __sehtable$___acrt_initialize_lowio 100d2598     libucrtd:ioinit.obj
 0002:000255b8       __unwindtable$?fp_format_a@@YAHQBNPADIQADIH_NIQAU__crt_locale_pointers@@@Z 100d25b8     libucrtd:cvt.obj
 0002:000255c0       __ehfuncinfo$?fp_format_a@@YAHQBNPADIQADIH_NIQAU__crt_locale_pointers@@@Z 100d25c0     libucrtd:cvt.obj
 0002:000255e8       __sehtable$_fputwc         100d25e8     libucrtd:fputwc.obj
 0002:00025608       __sehtable$_fputc          100d2608     libucrtd:fputc.obj
 0002:00025628       __sehtable$___acrt_update_thread_locale_data 100d2628     libucrtd:locale_refcounting.obj
 0002:00025648       __unwindtable$?_wcstombs_l_helper@@YAIPADPB_WIPAU__crt_locale_pointers@@@Z 100d2648     libucrtd:wcstombs.obj
 0002:00025650       __ehfuncinfo$?_wcstombs_l_helper@@YAIPADPB_WIPAU__crt_locale_pointers@@@Z 100d2650     libucrtd:wcstombs.obj
 0002:00025678       __unwindtable$?shortsort@@YAXPAD0IP6AHPBX1@Z@Z 100d2678     libucrtd:qsort.obj
 0002:00025680       __ehfuncinfo$?shortsort@@YAXPAD0IP6AHPBX1@Z@Z 100d2680     libucrtd:qsort.obj
 0002:000256a8       __sehtable$__open_osfhandle 100d26a8     libucrtd:osfinfo.obj
 0002:000256c8       __sehtable$__alloc_osfhnd  100d26c8     libucrtd:osfinfo.obj
 0002:000256e8       __sehtable$___acrt_lowio_ensure_fh_exists 100d26e8     libucrtd:osfinfo.obj
 0002:00025708       __sehtable$??$?RV<lambda_2866be3712abc81a800a822484c830d8>@@AAV<lambda_39ca0ed439415581b5b15c265174cece>@@V<lambda_2b24c74d71094a6cd0cb82e44167d71b>@@@?$__crt_seh_guarded_call@X@@QAEX$$QAV<lambda_2866be3712abc81a800a822484c830d8>@@AAV<lambda_39ca0ed439415581b5b15c265174cece>@@$$QAV<lambda_2b24c74d71094a6cd0cb82e44167d71b>@@@Z 100d2708     libucrtd:fflush.obj
 0002:00025728       __sehtable$??$?RV<lambda_2cc53f568c5a2bb6f192f930a45d44ea>@@AAV<lambda_ab61a845afdef5b7c387490eaf3616ee>@@V<lambda_c2ffc0b7726aa6be21d5f0026187e748>@@@?$__crt_seh_guarded_call@X@@QAEX$$QAV<lambda_2cc53f568c5a2bb6f192f930a45d44ea>@@AAV<lambda_ab61a845afdef5b7c387490eaf3616ee>@@$$QAV<lambda_c2ffc0b7726aa6be21d5f0026187e748>@@@Z 100d2728     libucrtd:fflush.obj
 0002:00025748       __sehtable$??$?RV<lambda_6d20deecaf4856105ebacbad442d1079>@@AAV<lambda_9a32fed5bf61b6b509b2d3f6003082a1>@@V<lambda_63ea2239ed67c638ddbae41947fdf875>@@@?$__crt_seh_guarded_call@H@@QAEH$$QAV<lambda_6d20deecaf4856105ebacbad442d1079>@@AAV<lambda_9a32fed5bf61b6b509b2d3f6003082a1>@@$$QAV<lambda_63ea2239ed67c638ddbae41947fdf875>@@@Z 100d2748     libucrtd:fflush.obj
 0002:00025768       __sehtable$__fcloseall     100d2768     libucrtd:closeall.obj
 0002:00025788       __unwindtable$?_wcrtomb_s_l@@YAHQAHQADI_WQAU_Mbstatet@@QAU__crt_locale_pointers@@@Z 100d2788     libucrtd:wcrtomb.obj
 0002:00025790       __ehfuncinfo$?_wcrtomb_s_l@@YAHQAHQADI_WQAU_Mbstatet@@QAU__crt_locale_pointers@@@Z 100d2790     libucrtd:wcrtomb.obj
 0002:000257b8       __sehtable$??$?RV<lambda_73934b50d04267ee15484ada9e51f93a>@@AAV<lambda_5533cddd4bda0037814beee657757329>@@V<lambda_505f522a38cc75b1e009910344c75d09>@@@?$__crt_seh_guarded_call@H@@QAEH$$QAV<lambda_73934b50d04267ee15484ada9e51f93a>@@AAV<lambda_5533cddd4bda0037814beee657757329>@@$$QAV<lambda_505f522a38cc75b1e009910344c75d09>@@@Z 100d27b8     libucrtd:commit.obj
 0002:000257d8       __sehtable$__write         100d27d8     libucrtd:write.obj
 0002:000257f8       __sehtable$??$common_lseek@J@@YAJHJH@Z 100d27f8     libucrtd:lseek.obj
 0002:00025818       __sehtable$??$common_lseek@_J@@YA_JH_JH@Z 100d2818     libucrtd:lseek.obj
 0002:00025838       __sehtable$_fclose         100d2838     libucrtd:fclose.obj
 0002:00025858       __sehtable$??$?RV<lambda_f828341fbe69b7c0d4c527b01f22877f>@@AAV<lambda_9e0b6ab72a5b3ae37ad997d08b519f50>@@V<lambda_f01deac0a8d65d6e0411edf7e0af5775>@@@?$__crt_seh_guarded_call@G@@QAEG$$QAV<lambda_f828341fbe69b7c0d4c527b01f22877f>@@AAV<lambda_9e0b6ab72a5b3ae37ad997d08b519f50>@@$$QAV<lambda_f01deac0a8d65d6e0411edf7e0af5775>@@@Z 100d2858     libucrtd:putwch.obj
 0002:00025878       __sehtable$__read          100d2878     libucrtd:read.obj
 0002:00025898       __sehtable$??$?RV<lambda_e683defbe2e5a27c42b5544acbb13393>@@AAV<lambda_4e7105787b7b0e0227fbf2b2d883fa65>@@V<lambda_80a887151cae997482d53eaa74bb832b>@@@?$__crt_seh_guarded_call@H@@QAEH$$QAV<lambda_e683defbe2e5a27c42b5544acbb13393>@@AAV<lambda_4e7105787b7b0e0227fbf2b2d883fa65>@@$$QAV<lambda_80a887151cae997482d53eaa74bb832b>@@@Z 100d2898     libucrtd:close.obj
 0002:000258b8       __sehtable$?__acrt_stdio_allocate_stream@@YA?AV__crt_stdio_stream@@XZ 100d28b8     libucrtd:stream.obj
 0002:000258d8       __sehtable$___set_fpsr_sse2 100d28d8     libucrtd:fpctrl.obj
 0002:000258f8       __sehtable$__IsNonwritableInCurrentImage 100d28f8     LIBCMTD:pesect.obj
 0002:00025c00       .edata                     100d2c00     scanner.exp
 0002:00025c28       rgpv                       100d2c28     scanner.exp
 0002:00025c2c       rgszName                   100d2c2c     scanner.exp
 0002:00025c30       rgwOrd                     100d2c30     scanner.exp
 0002:00025c32       szName                     100d2c32     scanner.exp
 0002:00025c3f       $N00001                    100d2c3f     scanner.exp
 0003:00000000       __module                   100d3000     scanner.obj
 0003:00000030       ?init@std@@3JA             100d3030     libcpmtd:xlock.obj
 0003:00000034       ?isPackaged@?1??__crtIsPackagedApp@@9@4HA 100d3034     libcpmtd:winapisupp.obj
 0003:00000070       ?__vcrt_flsindex@@3KA      100d3070     libvcruntimed:per_thread_data.obj
 0003:000000a0       ?__acrt_current_request_number@@3JA 100d30a0     libucrtd:debug_heap.obj
 0003:000000c0       ?__acrt_flsindex@@3KA      100d30c0     libucrtd:per_thread_data.obj
 0003:000000e8       ?errno_no_memory@@3HA      100d30e8     libucrtd:errno.obj
 0003:000000ec       ?doserrno_no_memory@@3KA   100d30ec     libucrtd:errno.obj
 0003:000000f0       ?__acrt_debug_fill_threshold@@3IA 100d30f0     libucrtd:debug_fill_threshold.obj
 0003:000000f4       __ctype_loc_style          100d30f4     libucrtd:wsetlocale.obj
 0003:000001f0       __mbctypes                 100d31f0     libucrtd:mbctype.obj
 0003:00000328       __mbcasemaps               100d3328     libucrtd:mbctype.obj
 0003:0000045c       ?__rgctypeflag@@3PADA      100d345c     libucrtd:mbctype.obj
 0003:00000460       ?__rgcode_page_info@@3PAUcode_page_info@@A 100d3460     libucrtd:mbctype.obj
 0003:00000ae0       ?__dcrt_lowio_console_output_handle@@3PAXA 100d3ae0     libucrtd:initcon.obj
 0003:00000af0       ?__DAZ_ENABLED@?1??__set_fpsr_sse2@@9@9 100d3af0     libucrtd:fpctrl.obj
 0003:00001010       ?initlocks@std@@3V_Init_locks@1@A 100d4010     libcpmtd:xlock.obj
 0003:00001018       ?mtx@std@@3PAU_RTL_CRITICAL_SECTION@@A 100d4018     libcpmtd:xlock.obj
 0003:000011c0       ?init@?1??_RTC_InitBase@@9@4_NA 100d41c0     LIBCMTD:init.obj
 0003:000011c4       ?__proc_attached@@3HA      100d41c4     LIBCMTD:dll_dllmain.obj
 0003:000011d0       ?is_initialized_as_dll@@3_NA 100d41d0     LIBCMTD:utility.obj
 0003:000011d1       ?module_local_atexit_table_initialized@@3_NA 100d41d1     LIBCMTD:utility.obj
 0003:000011d4       ?module_local_atexit_table@@3U_onexit_table_t@@A 100d41d4     LIBCMTD:utility.obj
 0003:000011e0       ?module_local_at_quick_exit_table@@3U_onexit_table_t@@A 100d41e0     LIBCMTD:utility.obj
 0003:00001208       _GS_ExceptionRecord        100d4208     LIBCMTD:gs_report.obj
 0003:00001258       _GS_ContextRecord          100d4258     LIBCMTD:gs_report.obj
 0003:000015c4       ?_RTC_ErrorReportFunc@@3P6AHHPBDH00ZZA 100d45c4     LIBCMTD:userapi.obj
 0003:000015c8       ?_RTC_ErrorReportFuncW@@3P6AHHPB_WH00ZZA 100d45c8     LIBCMTD:userapi.obj
 0003:000015fc       ?mspdb@@3PAUHINSTANCE__@@A 100d45fc     LIBCMTD:pdblkup.obj
 0003:00001600       ?alreadyTried@?1??GetPdbDll@@YAPAUHINSTANCE__@@XZ@4_NA 100d4600     LIBCMTD:pdblkup.obj
 0003:00001601       ?PDBOK@?1??_RTC_GetSrcLine@@YAHPAEPA_WKPAH1K@Z@4_NA 100d4601     LIBCMTD:pdblkup.obj
 0003:00001604       ?__vcrt_startup_thread_ptd@@3U__vcrt_ptd@@A 100d4604     libvcruntimed:per_thread_data.obj
 0003:00001634       ___vcrt_lock_table         100d4634     libvcruntimed:locks.obj
 0003:0000164c       ___vcrt_locks_initialized  100d464c     libvcruntimed:locks.obj
 0003:00001658       ?module_handles@@3PAPAUHINSTANCE__@@A 100d4658     libvcruntimed:winapi_downlevel.obj
 0003:00001664       ?encoded_function_pointers@@3PAPAXA 100d4664     libvcruntimed:winapi_downlevel.obj
 0003:000016ac       ?heap@@3V_HeapManager@@A   100d46ac     libvcruntimed:undname.obj
 0003:000016d0       ?buf@?1??dbGetString@DName@@QBEPADXZ@4PADA 100d46d0     libvcruntimed:undname.obj
 0003:00001734       ?__acrt_invalid_parameter_handler@@3V?$dual_state_global@P6AXPB_W00II@Z@__crt_state_management@@A 100d4734     libucrtd:invalid_parameter.obj
 0003:00001738       ?__acrt_lock_table@@3PAU_RTL_CRITICAL_SECTION@@A 100d4738     libucrtd:locks.obj
 0003:00001888       ?__acrt_locks_initialized@@3IA 100d4888     libucrtd:locks.obj
 0003:000018d0       ?__acrt_new_handler@@3V?$dual_state_global@P6AHI@Z@__crt_state_management@@A 100d48d0     libucrtd:new_handler.obj
 0003:000018d4       ?c_termination_complete@@3JA 100d48d4     libucrtd:exit.obj
 0003:000018d8       ?thread_local_exit_callback_func@@3P6GXPAXK0@ZA 100d48d8     libucrtd:exit.obj
 0003:000018e0       ?program_name@?1???$common_configure_argv@D@@YAHW4_crt_argv_mode@@@Z@4PADA 100d48e0     libucrtd:argv_parsing.obj
 0003:00001a20       ?program_name@?1???$common_configure_argv@_W@@YAHW4_crt_argv_mode@@@Z@4PA_WA 100d4a20     libucrtd:argv_parsing.obj
 0003:00001cc8       ?__acrt_first_block@@3PAU_CrtMemBlockHeader@@A 100d4cc8     libucrtd:debug_heap.obj
 0003:00001ccc       ?__acrt_last_block@@3PAU_CrtMemBlockHeader@@A 100d4ccc     libucrtd:debug_heap.obj
 0003:00001cd0       ?__acrt_total_allocations@@3IA 100d4cd0     libucrtd:debug_heap.obj
 0003:00001cd4       ?__acrt_current_allocations@@3IA 100d4cd4     libucrtd:debug_heap.obj
 0003:00001cd8       ?__acrt_max_allocations@@3IA 100d4cd8     libucrtd:debug_heap.obj
 0003:00001cdc       ?__acrt_check_frequency@@3IA 100d4cdc     libucrtd:debug_heap.obj
 0003:00001ce0       ?__acrt_check_counter@@3IA 100d4ce0     libucrtd:debug_heap.obj
 0003:00001ce8       ?heap_validation_pending@@3_NA 100d4ce8     libucrtd:debug_heap.obj
 0003:00001cfa       ?console_ctrl_handler_installed@@3_NA 100d4cfa     libucrtd:signal.obj
 0003:00001cfc       ?ctrlc_action@@3V?$dual_state_global@P6AXH@Z@__crt_state_management@@A 100d4cfc     libucrtd:signal.obj
 0003:00001d00       ?ctrlbreak_action@@3V?$dual_state_global@P6AXH@Z@__crt_state_management@@A 100d4d00     libucrtd:signal.obj
 0003:00001d04       ?abort_action@@3V?$dual_state_global@P6AXH@Z@__crt_state_management@@A 100d4d04     libucrtd:signal.obj
 0003:00001d08       ?term_action@@3V?$dual_state_global@P6AXH@Z@__crt_state_management@@A 100d4d08     libucrtd:signal.obj
 0003:00001d18       ?module_handles@@3PAPAUHINSTANCE__@@A 100d4d18     libucrtd:winapi_thunks.obj
 0003:00001d68       ?encoded_function_pointers@@3PAPAXA 100d4d68     libucrtd:winapi_thunks.obj
 0003:00001e1c       ?static_enum_proc@?1??enum_system_locales_ex_nolock@@YAHQ6GHPA_WKJ@Z@Z@4P6GH0KJ@ZA 100d4e1c     libucrtd:winapi_thunks.obj
 0003:00001e20       ?state_cache@?1???$get_cached_win_policy@Ubegin_thread_init_policy_properties@?1??__acrt_get_begin_thread_init_policy@@YA?AW4begin_thread_init_policy@@XZ@@@YA?AW4begin_thread_init_policy@@W4AppPolicyThreadInitializationType@@@Z@4JA 100d4e20     libucrtd:win_policies.obj
 0003:00001e24       ?state_cache@?1???$get_cached_win_policy@Udeveloper_information_policy_properties@?1??__acrt_get_developer_information_policy@@YA?AW4developer_information_policy@@XZ@@@YA?AW4developer_information_policy@@W4AppPolicyShowDeveloperDiagnostic@@@Z@4JA 100d4e24     libucrtd:win_policies.obj
 0003:00001e28       ?state_cache@?1???$get_cached_win_policy@Uwindowing_model_policy_properties@?1??__acrt_get_windowing_model_policy@@YA?AW4windowing_model_policy@@XZ@@@YA?AW4windowing_model_policy@@W4AppPolicyWindowingModel@@@Z@4JA 100d4e28     libucrtd:win_policies.obj
 0003:00001e38       ?fSystemSet@@3HA           100d4e38     libucrtd:mbctype.obj
 0003:00001e3f       ?initialized@?1??__acrt_initialize_multibyte@@9@4_NA 100d4e3f     libucrtd:mbctype.obj
 0003:000020cc       ?user_matherr@@3V?$dual_state_global@P6AHPAU_exception@@@Z@__crt_state_management@@A 100d50cc     libucrtd:matherr.obj
 0003:000020d8       ?__acrt_global_new_mode@@3V?$dual_state_global@J@__crt_state_management@@A 100d50d8     libucrtd:new_mode.obj
 0003:000020dc       ?internal_state@?1??_mbtowc_l@@9@4U_Mbstatet@@A 100d50dc     libucrtd:mbtowc.obj
 0003:000020f8       ?enable_percent_n@@3IA     100d50f8     libucrtd:printf_count_output.obj
 0003:000020fc       ?__acrt_app_type@@3W4_crt_app_type@@A 100d50fc     libucrtd:report_runtime_error.obj
 0003:00002100       ?outmsg@?9??__acrt_report_runtime_error@@9@4PA_WA 100d5100     libucrtd:report_runtime_error.obj
 0003:00002868       ?mbst@?1??mbrlen@@9@4U_Mbstatet@@A 100d5868     libucrtd:mbrtowc.obj
 0003:00002874       ?mbst@?1??mbrtowc@@9@4U_Mbstatet@@A 100d5874     libucrtd:mbrtowc.obj
 0003:00002880       ?mbst@?1??_mbsrtowcs_helper@@YAIPA_WPAPBDIPAU_Mbstatet@@@Z@4U2@A 100d5880     libucrtd:mbrtowc.obj
 0003:0000288c       ___acrt_error_mode         100d588c     libucrtd:set_error_mode.obj
 0003:00002890       ?local_state@?6??_wcrtomb_s_l@@YAHQAHQADI_WQAU_Mbstatet@@QAU__crt_locale_pointers@@@Z@4U2@A 100d5890     libucrtd:wcrtomb.obj
 0003:0000289c       ?internal_pst@?1??__mbrtoc32_utf8@__crt_mbstring@@YAIPA_UPBDIPAU_Mbstatet@@@Z@4U3@A 100d589c     libucrtd:mbrtoc32.obj
 0003:000028a8       ?internal_pst@?1??__c16rtomb_utf8@__crt_mbstring@@YAIPAD_SPAU_Mbstatet@@@Z@4U3@A 100d58a8     libucrtd:c16rtomb.obj
 0003:000028b4       __pmatherr_set             100d58b4     libucrtd:libm_error.obj
 0004:0000061e       .idata$6                   100d661e     kernel32:KERNEL32.dll
 0004:00000676       .idata$6                   100d6676     user32:USER32.dll
 0004:000006f8       .idata$6                   100d66f8     gdi32:GDI32.dll
 0007:00000170       $R000000                   100d9170     * linker generated manifest res *

 Exports

  ordinal    name

        1    __register_scanner_
               exported name: _register_scanner_
